max slew

Pin                                    Limit    Slew   Slack
------------------------------------------------------------
_64725_/RESET_B                         1.50   13.04  -11.54 (VIOLATED)
_64724_/RESET_B                         1.50   13.04  -11.54 (VIOLATED)
_64653_/RESET_B                         1.50   13.04  -11.54 (VIOLATED)
_64723_/RESET_B                         1.50   13.04  -11.54 (VIOLATED)
_64652_/RESET_B                         1.50   13.03  -11.53 (VIOLATED)
_64722_/RESET_B                         1.50   13.03  -11.53 (VIOLATED)
_64650_/RESET_B                         1.50   13.03  -11.53 (VIOLATED)
_64651_/RESET_B                         1.50   13.03  -11.53 (VIOLATED)
_64838_/RESET_B                         1.50   13.03  -11.53 (VIOLATED)
_64837_/RESET_B                         1.50   13.03  -11.53 (VIOLATED)
_64839_/RESET_B                         1.50   13.03  -11.53 (VIOLATED)
_64840_/RESET_B                         1.50   13.03  -11.53 (VIOLATED)
_64829_/RESET_B                         1.50   13.03  -11.53 (VIOLATED)
_64830_/RESET_B                         1.50   13.03  -11.53 (VIOLATED)
_64831_/RESET_B                         1.50   13.03  -11.53 (VIOLATED)
_64832_/RESET_B                         1.50   13.03  -11.53 (VIOLATED)
_64825_/RESET_B                         1.50   13.03  -11.53 (VIOLATED)
_64799_/RESET_B                         1.50   13.03  -11.53 (VIOLATED)
_64826_/RESET_B                         1.50   13.03  -11.53 (VIOLATED)
_64827_/RESET_B                         1.50   13.02  -11.52 (VIOLATED)
_64828_/RESET_B                         1.50   13.02  -11.52 (VIOLATED)
_64843_/RESET_B                         1.50   13.01  -11.51 (VIOLATED)
_64844_/RESET_B                         1.50   13.01  -11.51 (VIOLATED)
_64842_/RESET_B                         1.50   13.01  -11.51 (VIOLATED)
_64841_/RESET_B                         1.50   13.01  -11.51 (VIOLATED)
_64911_/RESET_B                         1.50   13.00  -11.50 (VIOLATED)
_64913_/RESET_B                         1.50   13.00  -11.50 (VIOLATED)
_64912_/RESET_B                         1.50   13.00  -11.50 (VIOLATED)
_64800_/RESET_B                         1.50   13.00  -11.50 (VIOLATED)
_64802_/RESET_B                         1.50   13.00  -11.50 (VIOLATED)
_64801_/RESET_B                         1.50   13.00  -11.50 (VIOLATED)
_64910_/RESET_B                         1.50   13.00  -11.50 (VIOLATED)
_64004_/SET_B                           1.50   12.97  -11.47 (VIOLATED)
_64513_/RESET_B                         1.50   12.97  -11.47 (VIOLATED)
_64512_/RESET_B                         1.50   12.97  -11.47 (VIOLATED)
_64508_/RESET_B                         1.50   12.97  -11.47 (VIOLATED)
_64517_/RESET_B                         1.50   12.97  -11.47 (VIOLATED)
_64519_/RESET_B                         1.50   12.97  -11.47 (VIOLATED)
_64515_/RESET_B                         1.50   12.97  -11.47 (VIOLATED)
_64522_/RESET_B                         1.50   12.97  -11.47 (VIOLATED)
_64523_/RESET_B                         1.50   12.97  -11.47 (VIOLATED)
_64509_/RESET_B                         1.50   12.97  -11.47 (VIOLATED)
_64505_/RESET_B                         1.50   12.97  -11.47 (VIOLATED)
_64514_/RESET_B                         1.50   12.97  -11.47 (VIOLATED)
_64504_/RESET_B                         1.50   12.97  -11.47 (VIOLATED)
_64510_/RESET_B                         1.50   12.97  -11.47 (VIOLATED)
_64511_/RESET_B                         1.50   12.97  -11.47 (VIOLATED)
_64518_/RESET_B                         1.50   12.97  -11.47 (VIOLATED)
_64503_/RESET_B                         1.50   12.97  -11.47 (VIOLATED)
_64521_/RESET_B                         1.50   12.97  -11.47 (VIOLATED)
_64516_/RESET_B                         1.50   12.97  -11.47 (VIOLATED)
_64520_/RESET_B                         1.50   12.97  -11.47 (VIOLATED)
_64529_/RESET_B                         1.50   12.97  -11.47 (VIOLATED)
_64527_/RESET_B                         1.50   12.96  -11.46 (VIOLATED)
_64526_/RESET_B                         1.50   12.96  -11.46 (VIOLATED)
_64525_/RESET_B                         1.50   12.96  -11.46 (VIOLATED)
_64524_/RESET_B                         1.50   12.96  -11.46 (VIOLATED)
_64501_/RESET_B                         1.50   12.96  -11.46 (VIOLATED)
_64174_/RESET_B                         1.50   12.96  -11.46 (VIOLATED)
_64173_/RESET_B                         1.50   12.96  -11.46 (VIOLATED)
_64184_/RESET_B                         1.50   12.96  -11.46 (VIOLATED)
_64183_/RESET_B                         1.50   12.96  -11.46 (VIOLATED)
_64169_/RESET_B                         1.50   12.96  -11.46 (VIOLATED)
_64168_/RESET_B                         1.50   12.96  -11.46 (VIOLATED)
_64188_/RESET_B                         1.50   12.96  -11.46 (VIOLATED)
_64187_/RESET_B                         1.50   12.96  -11.46 (VIOLATED)
_64528_/RESET_B                         1.50   12.96  -11.46 (VIOLATED)
_64164_/RESET_B                         1.50   12.96  -11.46 (VIOLATED)
_64166_/RESET_B                         1.50   12.96  -11.46 (VIOLATED)
_64165_/RESET_B                         1.50   12.96  -11.46 (VIOLATED)
_64186_/RESET_B                         1.50   12.96  -11.46 (VIOLATED)
_64185_/RESET_B                         1.50   12.96  -11.46 (VIOLATED)
_64189_/RESET_B                         1.50   12.96  -11.46 (VIOLATED)
_64163_/RESET_B                         1.50   12.96  -11.46 (VIOLATED)
_64167_/RESET_B                         1.50   12.96  -11.46 (VIOLATED)
_64192_/RESET_B                         1.50   12.96  -11.46 (VIOLATED)
_64500_/RESET_B                         1.50   12.96  -11.46 (VIOLATED)
_64502_/RESET_B                         1.50   12.96  -11.46 (VIOLATED)
_64005_/SET_B                           1.50   12.96  -11.46 (VIOLATED)
_64010_/RESET_B                         1.50   12.96  -11.46 (VIOLATED)
_64012_/SET_B                           1.50   12.96  -11.46 (VIOLATED)
_64013_/RESET_B                         1.50   12.96  -11.46 (VIOLATED)
_64190_/RESET_B                         1.50   12.96  -11.46 (VIOLATED)
_64191_/RESET_B                         1.50   12.96  -11.46 (VIOLATED)
_64193_/RESET_B                         1.50   12.96  -11.46 (VIOLATED)
_64194_/RESET_B                         1.50   12.96  -11.46 (VIOLATED)
_64002_/RESET_B                         1.50   12.96  -11.46 (VIOLATED)
_64976_/RESET_B                         1.50   12.96  -11.46 (VIOLATED)
_64977_/RESET_B                         1.50   12.96  -11.46 (VIOLATED)
_64978_/RESET_B                         1.50   12.96  -11.46 (VIOLATED)
_64774_/RESET_B                         1.50   12.96  -11.46 (VIOLATED)
_64773_/RESET_B                         1.50   12.96  -11.46 (VIOLATED)
_64772_/RESET_B                         1.50   12.96  -11.46 (VIOLATED)
_64530_/RESET_B                         1.50   12.95  -11.45 (VIOLATED)
_64865_/RESET_B                         1.50   12.95  -11.45 (VIOLATED)
_64740_/RESET_B                         1.50   12.95  -11.45 (VIOLATED)
_64739_/RESET_B                         1.50   12.95  -11.45 (VIOLATED)
_64771_/RESET_B                         1.50   12.95  -11.45 (VIOLATED)
_64770_/RESET_B                         1.50   12.95  -11.45 (VIOLATED)
_64866_/RESET_B                         1.50   12.95  -11.45 (VIOLATED)
_64665_/RESET_B                         1.50   12.95  -11.45 (VIOLATED)
_64666_/RESET_B                         1.50   12.95  -11.45 (VIOLATED)
_64674_/RESET_B                         1.50   12.95  -11.45 (VIOLATED)
_64675_/RESET_B                         1.50   12.95  -11.45 (VIOLATED)
_64673_/RESET_B                         1.50   12.95  -11.45 (VIOLATED)
_64667_/RESET_B                         1.50   12.95  -11.45 (VIOLATED)
_64683_/RESET_B                         1.50   12.95  -11.45 (VIOLATED)
_64682_/RESET_B                         1.50   12.95  -11.45 (VIOLATED)
_64685_/RESET_B                         1.50   12.95  -11.45 (VIOLATED)
_64867_/RESET_B                         1.50   12.95  -11.45 (VIOLATED)
_64681_/RESET_B                         1.50   12.95  -11.45 (VIOLATED)
_64680_/RESET_B                         1.50   12.95  -11.45 (VIOLATED)
_64656_/RESET_B                         1.50   12.95  -11.45 (VIOLATED)
_64664_/RESET_B                         1.50   12.95  -11.45 (VIOLATED)
_64679_/RESET_B                         1.50   12.95  -11.45 (VIOLATED)
_64670_/RESET_B                         1.50   12.95  -11.45 (VIOLATED)
_64669_/RESET_B                         1.50   12.95  -11.45 (VIOLATED)
_64668_/RESET_B                         1.50   12.95  -11.45 (VIOLATED)
_64659_/RESET_B                         1.50   12.95  -11.45 (VIOLATED)
_64897_/RESET_B                         1.50   12.95  -11.45 (VIOLATED)
_64654_/SET_B                           1.50   12.95  -11.45 (VIOLATED)
_64896_/RESET_B                         1.50   12.95  -11.45 (VIOLATED)
_64560_/SET_B                           1.50   12.95  -11.45 (VIOLATED)
_64864_/RESET_B                         1.50   12.95  -11.45 (VIOLATED)
_64003_/SET_B                           1.50   12.95  -11.45 (VIOLATED)
_64008_/RESET_B                         1.50   12.95  -11.45 (VIOLATED)
_64009_/RESET_B                         1.50   12.95  -11.45 (VIOLATED)
_64213_/RESET_B                         1.50   12.95  -11.45 (VIOLATED)
_64212_/RESET_B                         1.50   12.95  -11.45 (VIOLATED)
_64658_/RESET_B                         1.50   12.95  -11.45 (VIOLATED)
_64893_/RESET_B                         1.50   12.95  -11.45 (VIOLATED)
_64894_/RESET_B                         1.50   12.95  -11.45 (VIOLATED)
_64895_/RESET_B                         1.50   12.95  -11.45 (VIOLATED)
_64211_/RESET_B                         1.50   12.95  -11.45 (VIOLATED)
_64015_/SET_B                           1.50   12.95  -11.45 (VIOLATED)
_64016_/RESET_B                         1.50   12.95  -11.45 (VIOLATED)
_64210_/RESET_B                         1.50   12.95  -11.45 (VIOLATED)
_64209_/RESET_B                         1.50   12.94  -11.44 (VIOLATED)
_64661_/RESET_B                         1.50   12.94  -11.44 (VIOLATED)
_64892_/RESET_B                         1.50   12.94  -11.44 (VIOLATED)
_64890_/RESET_B                         1.50   12.94  -11.44 (VIOLATED)
_64891_/RESET_B                         1.50   12.94  -11.44 (VIOLATED)
_64869_/RESET_B                         1.50   12.94  -11.44 (VIOLATED)
_64845_/RESET_B                         1.50   12.94  -11.44 (VIOLATED)
_64861_/RESET_B                         1.50   12.94  -11.44 (VIOLATED)
_64862_/RESET_B                         1.50   12.94  -11.44 (VIOLATED)
_64874_/RESET_B                         1.50   12.94  -11.44 (VIOLATED)
_64863_/RESET_B                         1.50   12.94  -11.44 (VIOLATED)
_64208_/RESET_B                         1.50   12.94  -11.44 (VIOLATED)
_64657_/RESET_B                         1.50   12.94  -11.44 (VIOLATED)
_64876_/RESET_B                         1.50   12.94  -11.44 (VIOLATED)
_64868_/RESET_B                         1.50   12.94  -11.44 (VIOLATED)
_64207_/RESET_B                         1.50   12.94  -11.44 (VIOLATED)
_64870_/RESET_B                         1.50   12.94  -11.44 (VIOLATED)
_64014_/RESET_B                         1.50   12.94  -11.44 (VIOLATED)
_64017_/RESET_B                         1.50   12.94  -11.44 (VIOLATED)
_64006_/SET_B                           1.50   12.94  -11.44 (VIOLATED)
_64655_/RESET_B                         1.50   12.94  -11.44 (VIOLATED)
_64662_/RESET_B                         1.50   12.94  -11.44 (VIOLATED)
_64660_/RESET_B                         1.50   12.94  -11.44 (VIOLATED)
_64011_/RESET_B                         1.50   12.94  -11.44 (VIOLATED)
_64007_/SET_B                           1.50   12.94  -11.44 (VIOLATED)
_64871_/RESET_B                         1.50   12.94  -11.44 (VIOLATED)
_64872_/RESET_B                         1.50   12.93  -11.43 (VIOLATED)
_64172_/RESET_B                         1.50   12.93  -11.43 (VIOLATED)
_64175_/RESET_B                         1.50   12.93  -11.43 (VIOLATED)
_64182_/RESET_B                         1.50   12.93  -11.43 (VIOLATED)
_64176_/RESET_B                         1.50   12.93  -11.43 (VIOLATED)
_64177_/RESET_B                         1.50   12.93  -11.43 (VIOLATED)
_64875_/RESET_B                         1.50   12.93  -11.43 (VIOLATED)
_64178_/RESET_B                         1.50   12.92  -11.42 (VIOLATED)
_64179_/RESET_B                         1.50   12.92  -11.42 (VIOLATED)
_64873_/RESET_B                         1.50   12.92  -11.42 (VIOLATED)
_64180_/RESET_B                         1.50   12.92  -11.42 (VIOLATED)
_64153_/RESET_B                         1.50   12.92  -11.42 (VIOLATED)
_64158_/RESET_B                         1.50   12.92  -11.42 (VIOLATED)
_64848_/RESET_B                         1.50   12.92  -11.42 (VIOLATED)
_64181_/RESET_B                         1.50   12.92  -11.42 (VIOLATED)
_64170_/RESET_B                         1.50   12.92  -11.42 (VIOLATED)
_64171_/RESET_B                         1.50   12.92  -11.42 (VIOLATED)
_64846_/RESET_B                         1.50   12.92  -11.42 (VIOLATED)
_64663_/RESET_B                         1.50   12.91  -11.41 (VIOLATED)
_64157_/RESET_B                         1.50   12.91  -11.41 (VIOLATED)
_64847_/RESET_B                         1.50   12.91  -11.41 (VIOLATED)
_64159_/RESET_B                         1.50   12.91  -11.41 (VIOLATED)
_65056_/RESET_B                         1.50   12.91  -11.41 (VIOLATED)
_64490_/RESET_B                         1.50   12.91  -11.41 (VIOLATED)
_64688_/RESET_B                         1.50   12.91  -11.41 (VIOLATED)
_64489_/RESET_B                         1.50   12.91  -11.41 (VIOLATED)
_64689_/RESET_B                         1.50   12.91  -11.41 (VIOLATED)
_64492_/RESET_B                         1.50   12.91  -11.41 (VIOLATED)
_64494_/RESET_B                         1.50   12.91  -11.41 (VIOLATED)
_64487_/RESET_B                         1.50   12.91  -11.41 (VIOLATED)
_64497_/RESET_B                         1.50   12.91  -11.41 (VIOLATED)
_64726_/RESET_B                         1.50   12.91  -11.41 (VIOLATED)
_64491_/RESET_B                         1.50   12.91  -11.41 (VIOLATED)
_64493_/RESET_B                         1.50   12.91  -11.41 (VIOLATED)
_64496_/RESET_B                         1.50   12.91  -11.41 (VIOLATED)
_64488_/RESET_B                         1.50   12.91  -11.41 (VIOLATED)
_64677_/RESET_B                         1.50   12.91  -11.41 (VIOLATED)
_64678_/RESET_B                         1.50   12.91  -11.41 (VIOLATED)
_64686_/RESET_B                         1.50   12.91  -11.41 (VIOLATED)
_64684_/RESET_B                         1.50   12.91  -11.41 (VIOLATED)
_64486_/RESET_B                         1.50   12.91  -11.41 (VIOLATED)
_64495_/RESET_B                         1.50   12.91  -11.41 (VIOLATED)
_64485_/RESET_B                         1.50   12.91  -11.41 (VIOLATED)
_64482_/RESET_B                         1.50   12.91  -11.41 (VIOLATED)
_64484_/RESET_B                         1.50   12.91  -11.41 (VIOLATED)
_64483_/RESET_B                         1.50   12.91  -11.41 (VIOLATED)
_64676_/RESET_B                         1.50   12.91  -11.41 (VIOLATED)
_64671_/RESET_B                         1.50   12.91  -11.41 (VIOLATED)
_64161_/RESET_B                         1.50   12.91  -11.41 (VIOLATED)
_64672_/RESET_B                         1.50   12.91  -11.41 (VIOLATED)
_64889_/RESET_B                         1.50   12.91  -11.41 (VIOLATED)
_64888_/RESET_B                         1.50   12.91  -11.41 (VIOLATED)
_64206_/RESET_B                         1.50   12.91  -11.41 (VIOLATED)
_64205_/RESET_B                         1.50   12.91  -11.41 (VIOLATED)
_64887_/RESET_B                         1.50   12.91  -11.41 (VIOLATED)
_64204_/RESET_B                         1.50   12.91  -11.41 (VIOLATED)
_64202_/RESET_B                         1.50   12.91  -11.41 (VIOLATED)
_64162_/RESET_B                         1.50   12.91  -11.41 (VIOLATED)
_65029_/RESET_B                         1.50   12.90  -11.40 (VIOLATED)
_65032_/RESET_B                         1.50   12.90  -11.40 (VIOLATED)
_65031_/RESET_B                         1.50   12.90  -11.40 (VIOLATED)
_65030_/RESET_B                         1.50   12.90  -11.40 (VIOLATED)
_65028_/RESET_B                         1.50   12.90  -11.40 (VIOLATED)
_65027_/RESET_B                         1.50   12.90  -11.40 (VIOLATED)
_64203_/RESET_B                         1.50   12.90  -11.40 (VIOLATED)
_65026_/RESET_B                         1.50   12.90  -11.40 (VIOLATED)
_65025_/RESET_B                         1.50   12.90  -11.40 (VIOLATED)
_64102_/RESET_B                         1.50   12.90  -11.40 (VIOLATED)
_65023_/RESET_B                         1.50   12.90  -11.40 (VIOLATED)
_65024_/RESET_B                         1.50   12.90  -11.40 (VIOLATED)
_65022_/RESET_B                         1.50   12.90  -11.40 (VIOLATED)
_64058_/RESET_B                         1.50   12.90  -11.40 (VIOLATED)
_64059_/RESET_B                         1.50   12.90  -11.40 (VIOLATED)
_64103_/RESET_B                         1.50   12.90  -11.40 (VIOLATED)
_64105_/RESET_B                         1.50   12.90  -11.40 (VIOLATED)
_65035_/RESET_B                         1.50   12.90  -11.40 (VIOLATED)
_65033_/RESET_B                         1.50   12.90  -11.40 (VIOLATED)
_65034_/RESET_B                         1.50   12.90  -11.40 (VIOLATED)
_65036_/RESET_B                         1.50   12.90  -11.40 (VIOLATED)
_65037_/RESET_B                         1.50   12.90  -11.40 (VIOLATED)
_65021_/RESET_B                         1.50   12.90  -11.40 (VIOLATED)
_65010_/RESET_B                         1.50   12.90  -11.40 (VIOLATED)
_64061_/RESET_B                         1.50   12.90  -11.40 (VIOLATED)
_64057_/RESET_B                         1.50   12.90  -11.40 (VIOLATED)
_64087_/RESET_B                         1.50   12.90  -11.40 (VIOLATED)
_64104_/RESET_B                         1.50   12.90  -11.40 (VIOLATED)
_65011_/SET_B                           1.50   12.90  -11.40 (VIOLATED)
_64088_/RESET_B                         1.50   12.90  -11.40 (VIOLATED)
_64149_/RESET_B                         1.50   12.90  -11.40 (VIOLATED)
_64836_/RESET_B                         1.50   12.90  -11.40 (VIOLATED)
_64394_/RESET_B                         1.50   12.90  -11.40 (VIOLATED)
_64886_/RESET_B                         1.50   12.90  -11.40 (VIOLATED)
_64056_/SET_B                           1.50   12.90  -11.40 (VIOLATED)
_64884_/RESET_B                         1.50   12.90  -11.40 (VIOLATED)
_64885_/RESET_B                         1.50   12.90  -11.40 (VIOLATED)
_64064_/RESET_B                         1.50   12.90  -11.40 (VIOLATED)
_64201_/RESET_B                         1.50   12.90  -11.40 (VIOLATED)
_64063_/RESET_B                         1.50   12.90  -11.40 (VIOLATED)
_64067_/SET_B                           1.50   12.90  -11.40 (VIOLATED)
_65012_/SET_B                           1.50   12.90  -11.40 (VIOLATED)
_64082_/SET_B                           1.50   12.90  -11.40 (VIOLATED)
_64083_/SET_B                           1.50   12.90  -11.40 (VIOLATED)
_65050_/RESET_B                         1.50   12.90  -11.40 (VIOLATED)
_64084_/RESET_B                         1.50   12.90  -11.40 (VIOLATED)
_64833_/SET_B                           1.50   12.90  -11.40 (VIOLATED)
_65049_/RESET_B                         1.50   12.90  -11.40 (VIOLATED)
_64834_/SET_B                           1.50   12.90  -11.40 (VIOLATED)
_64835_/SET_B                           1.50   12.90  -11.40 (VIOLATED)
_65051_/RESET_B                         1.50   12.90  -11.40 (VIOLATED)
_64066_/RESET_B                         1.50   12.90  -11.40 (VIOLATED)
_64086_/RESET_B                         1.50   12.90  -11.40 (VIOLATED)
_64085_/RESET_B                         1.50   12.89  -11.39 (VIOLATED)
_64148_/RESET_B                         1.50   12.89  -11.39 (VIOLATED)
_64160_/RESET_B                         1.50   12.89  -11.39 (VIOLATED)
_65052_/RESET_B                         1.50   12.89  -11.39 (VIOLATED)
_64200_/RESET_B                         1.50   12.89  -11.39 (VIOLATED)
_64091_/RESET_B                         1.50   12.89  -11.39 (VIOLATED)
_65070_/RESET_B                         1.50   12.89  -11.39 (VIOLATED)
_64090_/RESET_B                         1.50   12.89  -11.39 (VIOLATED)
_65053_/RESET_B                         1.50   12.89  -11.39 (VIOLATED)
_64129_/RESET_B                         1.50   12.89  -11.39 (VIOLATED)
_64155_/RESET_B                         1.50   12.89  -11.39 (VIOLATED)
_64128_/RESET_B                         1.50   12.89  -11.39 (VIOLATED)
_64199_/RESET_B                         1.50   12.89  -11.39 (VIOLATED)
_64126_/RESET_B                         1.50   12.89  -11.39 (VIOLATED)
_64127_/RESET_B                         1.50   12.89  -11.39 (VIOLATED)
_64092_/RESET_B                         1.50   12.89  -11.39 (VIOLATED)
_64151_/RESET_B                         1.50   12.89  -11.39 (VIOLATED)
_64146_/RESET_B                         1.50   12.89  -11.39 (VIOLATED)
_64147_/RESET_B                         1.50   12.89  -11.39 (VIOLATED)
_64141_/RESET_B                         1.50   12.89  -11.39 (VIOLATED)
_64133_/RESET_B                         1.50   12.89  -11.39 (VIOLATED)
_64150_/RESET_B                         1.50   12.89  -11.39 (VIOLATED)
_64131_/RESET_B                         1.50   12.89  -11.39 (VIOLATED)
_64060_/RESET_B                         1.50   12.89  -11.39 (VIOLATED)
_64065_/RESET_B                         1.50   12.89  -11.39 (VIOLATED)
_65067_/RESET_B                         1.50   12.89  -11.39 (VIOLATED)
_65068_/RESET_B                         1.50   12.89  -11.39 (VIOLATED)
_65069_/RESET_B                         1.50   12.89  -11.39 (VIOLATED)
_64062_/RESET_B                         1.50   12.89  -11.39 (VIOLATED)
_65013_/RESET_B                         1.50   12.88  -11.38 (VIOLATED)
_64195_/RESET_B                         1.50   12.88  -11.38 (VIOLATED)
_65020_/RESET_B                         1.50   12.88  -11.38 (VIOLATED)
_64132_/RESET_B                         1.50   12.88  -11.38 (VIOLATED)
_65017_/RESET_B                         1.50   12.88  -11.38 (VIOLATED)
_64858_/RESET_B                         1.50   12.88  -11.38 (VIOLATED)
_64857_/RESET_B                         1.50   12.88  -11.38 (VIOLATED)
_64856_/RESET_B                         1.50   12.88  -11.38 (VIOLATED)
_64860_/RESET_B                         1.50   12.88  -11.38 (VIOLATED)
_64859_/RESET_B                         1.50   12.88  -11.38 (VIOLATED)
_64849_/RESET_B                         1.50   12.88  -11.38 (VIOLATED)
_64850_/RESET_B                         1.50   12.88  -11.38 (VIOLATED)
_64152_/RESET_B                         1.50   12.88  -11.38 (VIOLATED)
_64855_/RESET_B                         1.50   12.88  -11.38 (VIOLATED)
_64851_/RESET_B                         1.50   12.88  -11.38 (VIOLATED)
_64852_/RESET_B                         1.50   12.88  -11.38 (VIOLATED)
_64854_/RESET_B                         1.50   12.88  -11.38 (VIOLATED)
_64853_/RESET_B                         1.50   12.88  -11.38 (VIOLATED)
_65016_/RESET_B                         1.50   12.88  -11.38 (VIOLATED)
_64135_/RESET_B                         1.50   12.88  -11.38 (VIOLATED)
_64805_/RESET_B                         1.50   12.88  -11.38 (VIOLATED)
_65004_/RESET_B                         1.50   12.88  -11.38 (VIOLATED)
_65003_/RESET_B                         1.50   12.88  -11.38 (VIOLATED)
_64998_/RESET_B                         1.50   12.88  -11.38 (VIOLATED)
_65002_/RESET_B                         1.50   12.88  -11.38 (VIOLATED)
_64804_/RESET_B                         1.50   12.88  -11.38 (VIOLATED)
_64803_/RESET_B                         1.50   12.88  -11.38 (VIOLATED)
_64154_/RESET_B                         1.50   12.88  -11.38 (VIOLATED)
_64156_/RESET_B                         1.50   12.88  -11.38 (VIOLATED)
_65055_/RESET_B                         1.50   12.88  -11.38 (VIOLATED)
_65019_/RESET_B                         1.50   12.88  -11.38 (VIOLATED)
_64196_/RESET_B                         1.50   12.88  -11.38 (VIOLATED)
_65018_/RESET_B                         1.50   12.88  -11.38 (VIOLATED)
_65065_/RESET_B                         1.50   12.87  -11.37 (VIOLATED)
_65064_/RESET_B                         1.50   12.87  -11.37 (VIOLATED)
_64047_/RESET_B                         1.50   12.87  -11.37 (VIOLATED)
_65015_/RESET_B                         1.50   12.87  -11.37 (VIOLATED)
_64458_/RESET_B                         1.50   12.87  -11.37 (VIOLATED)
_64454_/RESET_B                         1.50   12.87  -11.37 (VIOLATED)
_64456_/RESET_B                         1.50   12.87  -11.37 (VIOLATED)
_65059_/RESET_B                         1.50   12.87  -11.37 (VIOLATED)
_65014_/RESET_B                         1.50   12.87  -11.37 (VIOLATED)
_65063_/RESET_B                         1.50   12.87  -11.37 (VIOLATED)
_65057_/RESET_B                         1.50   12.87  -11.37 (VIOLATED)
_64883_/RESET_B                         1.50   12.87  -11.37 (VIOLATED)
_64882_/RESET_B                         1.50   12.87  -11.37 (VIOLATED)
_64878_/RESET_B                         1.50   12.87  -11.37 (VIOLATED)
_64048_/RESET_B                         1.50   12.87  -11.37 (VIOLATED)
_64049_/RESET_B                         1.50   12.87  -11.37 (VIOLATED)
_64050_/RESET_B                         1.50   12.87  -11.37 (VIOLATED)
_65066_/RESET_B                         1.50   12.87  -11.37 (VIOLATED)
_65062_/RESET_B                         1.50   12.87  -11.37 (VIOLATED)
_64999_/RESET_B                         1.50   12.87  -11.37 (VIOLATED)
_64879_/RESET_B                         1.50   12.87  -11.37 (VIOLATED)
_65005_/RESET_B                         1.50   12.87  -11.37 (VIOLATED)
_65006_/RESET_B                         1.50   12.87  -11.37 (VIOLATED)
_65007_/RESET_B                         1.50   12.87  -11.37 (VIOLATED)
_65008_/RESET_B                         1.50   12.87  -11.37 (VIOLATED)
_65009_/RESET_B                         1.50   12.86  -11.36 (VIOLATED)
_64809_/RESET_B                         1.50   12.86  -11.36 (VIOLATED)
_64807_/RESET_B                         1.50   12.86  -11.36 (VIOLATED)
_64808_/RESET_B                         1.50   12.86  -11.36 (VIOLATED)
_64051_/RESET_B                         1.50   12.86  -11.36 (VIOLATED)
_64810_/RESET_B                         1.50   12.86  -11.36 (VIOLATED)
_64806_/RESET_B                         1.50   12.86  -11.36 (VIOLATED)
_64052_/RESET_B                         1.50   12.86  -11.36 (VIOLATED)
_64996_/RESET_B                         1.50   12.86  -11.36 (VIOLATED)
_65058_/SET_B                           1.50   12.86  -11.36 (VIOLATED)
_64997_/RESET_B                         1.50   12.86  -11.36 (VIOLATED)
_65060_/RESET_B                         1.50   12.86  -11.36 (VIOLATED)
_65000_/RESET_B                         1.50   12.86  -11.36 (VIOLATED)
_65061_/RESET_B                         1.50   12.86  -11.36 (VIOLATED)
_64821_/RESET_B                         1.50   12.86  -11.36 (VIOLATED)
_64450_/RESET_B                         1.50   12.86  -11.36 (VIOLATED)
_65075_/RESET_B                         1.50   12.86  -11.36 (VIOLATED)
_64817_/RESET_B                         1.50   12.86  -11.36 (VIOLATED)
_65054_/RESET_B                         1.50   12.86  -11.36 (VIOLATED)
_65074_/RESET_B                         1.50   12.86  -11.36 (VIOLATED)
_65071_/RESET_B                         1.50   12.86  -11.36 (VIOLATED)
_64816_/RESET_B                         1.50   12.86  -11.36 (VIOLATED)
_64463_/RESET_B                         1.50   12.85  -11.35 (VIOLATED)
_64815_/RESET_B                         1.50   12.85  -11.35 (VIOLATED)
_64053_/RESET_B                         1.50   12.85  -11.35 (VIOLATED)
_64054_/RESET_B                         1.50   12.85  -11.35 (VIOLATED)
_64055_/RESET_B                         1.50   12.85  -11.35 (VIOLATED)
_64136_/RESET_B                         1.50   12.85  -11.35 (VIOLATED)
_64462_/RESET_B                         1.50   12.85  -11.35 (VIOLATED)
_64460_/RESET_B                         1.50   12.85  -11.35 (VIOLATED)
_64457_/RESET_B                         1.50   12.85  -11.35 (VIOLATED)
_64452_/RESET_B                         1.50   12.85  -11.35 (VIOLATED)
_64453_/RESET_B                         1.50   12.85  -11.35 (VIOLATED)
_64461_/RESET_B                         1.50   12.85  -11.35 (VIOLATED)
_64459_/RESET_B                         1.50   12.85  -11.35 (VIOLATED)
_64455_/RESET_B                         1.50   12.85  -11.35 (VIOLATED)
_64451_/RESET_B                         1.50   12.85  -11.35 (VIOLATED)
_64392_/RESET_B                         1.50   12.85  -11.35 (VIOLATED)
_64098_/SET_B                           1.50   12.85  -11.35 (VIOLATED)
_64818_/RESET_B                         1.50   12.85  -11.35 (VIOLATED)
_64100_/RESET_B                         1.50   12.85  -11.35 (VIOLATED)
_64442_/RESET_B                         1.50   12.85  -11.35 (VIOLATED)
_64441_/RESET_B                         1.50   12.85  -11.35 (VIOLATED)
_64440_/RESET_B                         1.50   12.85  -11.35 (VIOLATED)
_64812_/RESET_B                         1.50   12.85  -11.35 (VIOLATED)
_64439_/RESET_B                         1.50   12.85  -11.35 (VIOLATED)
_64438_/RESET_B                         1.50   12.85  -11.35 (VIOLATED)
_64437_/RESET_B                         1.50   12.85  -11.35 (VIOLATED)
_64436_/RESET_B                         1.50   12.85  -11.35 (VIOLATED)
_64434_/RESET_B                         1.50   12.85  -11.35 (VIOLATED)
_64427_/RESET_B                         1.50   12.85  -11.35 (VIOLATED)
_64820_/RESET_B                         1.50   12.85  -11.35 (VIOLATED)
_64425_/RESET_B                         1.50   12.85  -11.35 (VIOLATED)
_64428_/RESET_B                         1.50   12.85  -11.35 (VIOLATED)
_64429_/RESET_B                         1.50   12.85  -11.35 (VIOLATED)
_64433_/RESET_B                         1.50   12.85  -11.35 (VIOLATED)
_64426_/RESET_B                         1.50   12.84  -11.34 (VIOLATED)
_64423_/RESET_B                         1.50   12.84  -11.34 (VIOLATED)
_64424_/RESET_B                         1.50   12.84  -11.34 (VIOLATED)
_64430_/RESET_B                         1.50   12.84  -11.34 (VIOLATED)
_64435_/RESET_B                         1.50   12.84  -11.34 (VIOLATED)
_64444_/RESET_B                         1.50   12.84  -11.34 (VIOLATED)
_64443_/RESET_B                         1.50   12.84  -11.34 (VIOLATED)
_64822_/SET_B                           1.50   12.84  -11.34 (VIOLATED)
_64449_/RESET_B                         1.50   12.84  -11.34 (VIOLATED)
_64431_/RESET_B                         1.50   12.84  -11.34 (VIOLATED)
_64448_/RESET_B                         1.50   12.84  -11.34 (VIOLATED)
_64432_/RESET_B                         1.50   12.84  -11.34 (VIOLATED)
_64421_/RESET_B                         1.50   12.84  -11.34 (VIOLATED)
_64445_/RESET_B                         1.50   12.84  -11.34 (VIOLATED)
_64446_/RESET_B                         1.50   12.84  -11.34 (VIOLATED)
_64447_/RESET_B                         1.50   12.84  -11.34 (VIOLATED)
_64422_/RESET_B                         1.50   12.84  -11.34 (VIOLATED)
_64420_/RESET_B                         1.50   12.84  -11.34 (VIOLATED)
_64465_/RESET_B                         1.50   12.84  -11.34 (VIOLATED)
_64419_/RESET_B                         1.50   12.84  -11.34 (VIOLATED)
_64811_/RESET_B                         1.50   12.84  -11.34 (VIOLATED)
_64464_/RESET_B                         1.50   12.83  -11.33 (VIOLATED)
_64478_/RESET_B                         1.50   12.83  -11.33 (VIOLATED)
_64479_/RESET_B                         1.50   12.83  -11.33 (VIOLATED)
_64467_/RESET_B                         1.50   12.83  -11.33 (VIOLATED)
_64477_/RESET_B                         1.50   12.83  -11.33 (VIOLATED)
_64475_/RESET_B                         1.50   12.83  -11.33 (VIOLATED)
_64468_/RESET_B                         1.50   12.83  -11.33 (VIOLATED)
_64476_/RESET_B                         1.50   12.83  -11.33 (VIOLATED)
_64687_/RESET_B                         1.50   12.83  -11.33 (VIOLATED)
_64474_/RESET_B                         1.50   12.83  -11.33 (VIOLATED)
_64134_/RESET_B                         1.50   12.83  -11.33 (VIOLATED)
_64466_/RESET_B                         1.50   12.83  -11.33 (VIOLATED)
_64469_/RESET_B                         1.50   12.83  -11.33 (VIOLATED)
_64470_/RESET_B                         1.50   12.83  -11.33 (VIOLATED)
_64471_/RESET_B                         1.50   12.83  -11.33 (VIOLATED)
_64472_/RESET_B                         1.50   12.83  -11.33 (VIOLATED)
_64140_/RESET_B                         1.50   12.83  -11.33 (VIOLATED)
_64473_/RESET_B                         1.50   12.83  -11.33 (VIOLATED)
_64139_/RESET_B                         1.50   12.83  -11.33 (VIOLATED)
_64145_/RESET_B                         1.50   12.83  -11.33 (VIOLATED)
_64144_/RESET_B                         1.50   12.83  -11.33 (VIOLATED)
_64143_/RESET_B                         1.50   12.83  -11.33 (VIOLATED)
_64142_/RESET_B                         1.50   12.83  -11.33 (VIOLATED)
_64391_/RESET_B                         1.50   12.83  -11.33 (VIOLATED)
_64389_/RESET_B                         1.50   12.82  -11.32 (VIOLATED)
_64137_/RESET_B                         1.50   12.82  -11.32 (VIOLATED)
_64393_/RESET_B                         1.50   12.82  -11.32 (VIOLATED)
_64819_/RESET_B                         1.50   12.82  -11.32 (VIOLATED)
_64138_/RESET_B                         1.50   12.81  -11.31 (VIOLATED)
_64388_/RESET_B                         1.50   12.81  -11.31 (VIOLATED)
_64795_/RESET_B                         1.50   12.81  -11.31 (VIOLATED)
_64796_/RESET_B                         1.50   12.80  -11.30 (VIOLATED)
_64794_/RESET_B                         1.50   12.80  -11.30 (VIOLATED)
_64877_/RESET_B                         1.50   12.80  -11.30 (VIOLATED)
_64813_/RESET_B                         1.50   12.79  -11.29 (VIOLATED)
_64814_/RESET_B                         1.50   12.79  -11.29 (VIOLATED)
_64793_/RESET_B                         1.50   12.78  -11.28 (VIOLATED)
_65073_/RESET_B                         1.50   12.78  -11.28 (VIOLATED)
_64395_/RESET_B                         1.50   12.77  -11.27 (VIOLATED)
_64396_/RESET_B                         1.50   12.77  -11.27 (VIOLATED)
_64791_/RESET_B                         1.50   12.77  -11.27 (VIOLATED)
_64917_/RESET_B                         1.50   12.77  -11.27 (VIOLATED)
_64397_/RESET_B                         1.50   12.76  -11.26 (VIOLATED)
_64101_/RESET_B                         1.50   12.76  -11.26 (VIOLATED)
_64119_/SET_B                           1.50   12.76  -11.26 (VIOLATED)
_64918_/RESET_B                         1.50   12.76  -11.26 (VIOLATED)
_64399_/RESET_B                         1.50   12.76  -11.26 (VIOLATED)
_64400_/RESET_B                         1.50   12.75  -11.25 (VIOLATED)
_64792_/RESET_B                         1.50   12.75  -11.25 (VIOLATED)
_64125_/RESET_B                         1.50   12.75  -11.25 (VIOLATED)
_65039_/RESET_B                         1.50   12.75  -11.25 (VIOLATED)
_65038_/RESET_B                         1.50   12.75  -11.25 (VIOLATED)
_65040_/RESET_B                         1.50   12.75  -11.25 (VIOLATED)
_64108_/RESET_B                         1.50   12.75  -11.25 (VIOLATED)
_64089_/RESET_B                         1.50   12.75  -11.25 (VIOLATED)
_64107_/RESET_B                         1.50   12.75  -11.25 (VIOLATED)
_64106_/RESET_B                         1.50   12.75  -11.25 (VIOLATED)
_65046_/RESET_B                         1.50   12.75  -11.25 (VIOLATED)
_65048_/RESET_B                         1.50   12.75  -11.25 (VIOLATED)
_65044_/RESET_B                         1.50   12.75  -11.25 (VIOLATED)
_65047_/RESET_B                         1.50   12.75  -11.25 (VIOLATED)
_64079_/RESET_B                         1.50   12.75  -11.25 (VIOLATED)
_65041_/RESET_B                         1.50   12.75  -11.25 (VIOLATED)
_65045_/RESET_B                         1.50   12.75  -11.25 (VIOLATED)
_65042_/RESET_B                         1.50   12.75  -11.25 (VIOLATED)
_65043_/RESET_B                         1.50   12.75  -11.25 (VIOLATED)
_64080_/RESET_B                         1.50   12.75  -11.25 (VIOLATED)
_64074_/RESET_B                         1.50   12.75  -11.25 (VIOLATED)
_64075_/RESET_B                         1.50   12.75  -11.25 (VIOLATED)
_64076_/RESET_B                         1.50   12.75  -11.25 (VIOLATED)
_64077_/RESET_B                         1.50   12.75  -11.25 (VIOLATED)
_64078_/RESET_B                         1.50   12.75  -11.25 (VIOLATED)
_64081_/RESET_B                         1.50   12.75  -11.25 (VIOLATED)
_64068_/RESET_B                         1.50   12.75  -11.25 (VIOLATED)
_64118_/SET_B                           1.50   12.75  -11.25 (VIOLATED)
_65072_/RESET_B                         1.50   12.75  -11.25 (VIOLATED)
_65076_/RESET_B                         1.50   12.75  -11.25 (VIOLATED)
_65077_/RESET_B                         1.50   12.75  -11.25 (VIOLATED)
_64797_/RESET_B                         1.50   12.75  -11.25 (VIOLATED)
_64798_/RESET_B                         1.50   12.75  -11.25 (VIOLATED)
_65078_/RESET_B                         1.50   12.75  -11.25 (VIOLATED)
_64117_/SET_B                           1.50   12.75  -11.25 (VIOLATED)
_64112_/SET_B                           1.50   12.75  -11.25 (VIOLATED)
_64115_/SET_B                           1.50   12.75  -11.25 (VIOLATED)
_64113_/SET_B                           1.50   12.75  -11.25 (VIOLATED)
_64116_/SET_B                           1.50   12.75  -11.25 (VIOLATED)
_64114_/SET_B                           1.50   12.74  -11.24 (VIOLATED)
_64111_/SET_B                           1.50   12.74  -11.24 (VIOLATED)
_64109_/SET_B                           1.50   12.74  -11.24 (VIOLATED)
_64110_/SET_B                           1.50   12.74  -11.24 (VIOLATED)
_64121_/SET_B                           1.50   12.74  -11.24 (VIOLATED)
_64120_/SET_B                           1.50   12.74  -11.24 (VIOLATED)
_64915_/RESET_B                         1.50   12.74  -11.24 (VIOLATED)
_64069_/RESET_B                         1.50   12.74  -11.24 (VIOLATED)
_64197_/RESET_B                         1.50   12.74  -11.24 (VIOLATED)
_64073_/RESET_B                         1.50   12.74  -11.24 (VIOLATED)
_64046_/RESET_B                         1.50   12.74  -11.24 (VIOLATED)
_64072_/RESET_B                         1.50   12.74  -11.24 (VIOLATED)
_64198_/RESET_B                         1.50   12.74  -11.24 (VIOLATED)
_64390_/RESET_B                         1.50   12.74  -11.24 (VIOLATED)
_64881_/RESET_B                         1.50   12.74  -11.24 (VIOLATED)
_64387_/RESET_B                         1.50   12.74  -11.24 (VIOLATED)
_64099_/RESET_B                         1.50   12.74  -11.24 (VIOLATED)
_64398_/RESET_B                         1.50   12.74  -11.24 (VIOLATED)
_64408_/RESET_B                         1.50   12.74  -11.24 (VIOLATED)
_64122_/SET_B                           1.50   12.74  -11.24 (VIOLATED)
_64418_/RESET_B                         1.50   12.74  -11.24 (VIOLATED)
_64071_/RESET_B                         1.50   12.73  -11.23 (VIOLATED)
_64625_/RESET_B                         1.50   12.73  -11.23 (VIOLATED)
_64623_/RESET_B                         1.50   12.73  -11.23 (VIOLATED)
_64070_/RESET_B                         1.50   12.73  -11.23 (VIOLATED)
_64624_/RESET_B                         1.50   12.73  -11.23 (VIOLATED)
_64123_/SET_B                           1.50   12.73  -11.23 (VIOLATED)
_64124_/SET_B                           1.50   12.73  -11.23 (VIOLATED)
_64880_/RESET_B                         1.50   12.73  -11.23 (VIOLATED)
_64823_/RESET_B                         1.50   12.73  -11.23 (VIOLATED)
_64416_/RESET_B                         1.50   12.72  -11.22 (VIOLATED)
_64417_/RESET_B                         1.50   12.72  -11.22 (VIOLATED)
_64402_/RESET_B                         1.50   12.72  -11.22 (VIOLATED)
_64411_/RESET_B                         1.50   12.72  -11.22 (VIOLATED)
_64403_/RESET_B                         1.50   12.72  -11.22 (VIOLATED)
_64401_/RESET_B                         1.50   12.72  -11.22 (VIOLATED)
_64405_/RESET_B                         1.50   12.72  -11.22 (VIOLATED)
_64404_/RESET_B                         1.50   12.72  -11.22 (VIOLATED)
_64406_/RESET_B                         1.50   12.72  -11.22 (VIOLATED)
_64824_/RESET_B                         1.50   12.71  -11.21 (VIOLATED)
_64410_/RESET_B                         1.50   12.71  -11.21 (VIOLATED)
_64407_/RESET_B                         1.50   12.71  -11.21 (VIOLATED)
_64409_/RESET_B                         1.50   12.70  -11.20 (VIOLATED)
_64916_/RESET_B                         1.50   12.70  -11.20 (VIOLATED)
_64586_/RESET_B                         1.50   12.70  -11.20 (VIOLATED)
_64589_/RESET_B                         1.50   12.70  -11.20 (VIOLATED)
_64412_/RESET_B                         1.50   12.70  -11.20 (VIOLATED)
_64592_/RESET_B                         1.50   12.70  -11.20 (VIOLATED)
_64413_/RESET_B                         1.50   12.69  -11.19 (VIOLATED)
_64608_/RESET_B                         1.50   12.69  -11.19 (VIOLATED)
_64593_/RESET_B                         1.50   12.69  -11.19 (VIOLATED)
_64591_/RESET_B                         1.50   12.69  -11.19 (VIOLATED)
_64590_/RESET_B                         1.50   12.68  -11.18 (VIOLATED)
_64609_/RESET_B                         1.50   12.67  -11.17 (VIOLATED)
_64618_/RESET_B                         1.50   12.67  -11.17 (VIOLATED)
_64621_/RESET_B                         1.50   12.67  -11.17 (VIOLATED)
_64602_/RESET_B                         1.50   12.67  -11.17 (VIOLATED)
_64605_/RESET_B                         1.50   12.67  -11.17 (VIOLATED)
_64607_/RESET_B                         1.50   12.67  -11.17 (VIOLATED)
_64622_/RESET_B                         1.50   12.67  -11.17 (VIOLATED)
_64606_/RESET_B                         1.50   12.67  -11.17 (VIOLATED)
_64414_/RESET_B                         1.50   12.66  -11.16 (VIOLATED)
_64415_/RESET_B                         1.50   12.66  -11.16 (VIOLATED)
_64588_/RESET_B                         1.50   12.66  -11.16 (VIOLATED)
_64620_/RESET_B                         1.50   12.65  -11.15 (VIOLATED)
_64019_/RESET_B                         1.50   12.65  -11.15 (VIOLATED)
_64619_/RESET_B                         1.50   12.65  -11.15 (VIOLATED)
_64611_/RESET_B                         1.50   12.65  -11.15 (VIOLATED)
_64612_/RESET_B                         1.50   12.65  -11.15 (VIOLATED)
_64628_/RESET_B                         1.50   12.65  -11.15 (VIOLATED)
_64627_/RESET_B                         1.50   12.65  -11.15 (VIOLATED)
_64626_/RESET_B                         1.50   12.65  -11.15 (VIOLATED)
_64596_/RESET_B                         1.50   12.65  -11.15 (VIOLATED)
_64610_/RESET_B                         1.50   12.65  -11.15 (VIOLATED)
_64603_/RESET_B                         1.50   12.65  -11.15 (VIOLATED)
_64604_/RESET_B                         1.50   12.65  -11.15 (VIOLATED)
_64594_/RESET_B                         1.50   12.65  -11.15 (VIOLATED)
_64587_/RESET_B                         1.50   12.65  -11.15 (VIOLATED)
_64907_/RESET_B                         1.50   12.64  -11.14 (VIOLATED)
_64908_/RESET_B                         1.50   12.64  -11.14 (VIOLATED)
_64906_/RESET_B                         1.50   12.63  -11.13 (VIOLATED)
_64595_/RESET_B                         1.50   12.63  -11.13 (VIOLATED)
_64905_/RESET_B                         1.50   12.62  -11.12 (VIOLATED)
_64225_/RESET_B                         1.50   12.61  -11.11 (VIOLATED)
_64642_/RESET_B                         1.50   12.61  -11.11 (VIOLATED)
_64352_/RESET_B                         1.50   12.61  -11.11 (VIOLATED)
_64354_/RESET_B                         1.50   12.61  -11.11 (VIOLATED)
_64224_/RESET_B                         1.50   12.61  -11.11 (VIOLATED)
_64324_/RESET_B                         1.50   12.61  -11.11 (VIOLATED)
_64326_/RESET_B                         1.50   12.61  -11.11 (VIOLATED)
_64325_/RESET_B                         1.50   12.61  -11.11 (VIOLATED)
_64001_/RESET_B                         1.50   12.61  -11.11 (VIOLATED)
_64323_/RESET_B                         1.50   12.61  -11.11 (VIOLATED)
_64223_/RESET_B                         1.50   12.61  -11.11 (VIOLATED)
_64351_/RESET_B                         1.50   12.61  -11.11 (VIOLATED)
_64350_/RESET_B                         1.50   12.61  -11.11 (VIOLATED)
_64355_/RESET_B                         1.50   12.61  -11.11 (VIOLATED)
_64222_/RESET_B                         1.50   12.60  -11.10 (VIOLATED)
_64220_/RESET_B                         1.50   12.59  -11.09 (VIOLATED)
_64221_/RESET_B                         1.50   12.59  -11.09 (VIOLATED)
_64643_/RESET_B                         1.50   12.59  -11.09 (VIOLATED)
_64226_/RESET_B                         1.50   12.59  -11.09 (VIOLATED)
_64903_/RESET_B                         1.50   12.58  -11.08 (VIOLATED)
_64909_/RESET_B                         1.50   12.58  -11.08 (VIOLATED)
_64640_/RESET_B                         1.50   12.58  -11.08 (VIOLATED)
_64904_/RESET_B                         1.50   12.57  -11.07 (VIOLATED)
_64902_/RESET_B                         1.50   12.56  -11.06 (VIOLATED)
_64638_/RESET_B                         1.50   12.56  -11.06 (VIOLATED)
_64639_/RESET_B                         1.50   12.56  -11.06 (VIOLATED)
_64901_/RESET_B                         1.50   12.56  -11.06 (VIOLATED)
_64480_/RESET_B                         1.50   12.55  -11.05 (VIOLATED)
_64499_/RESET_B                         1.50   12.55  -11.05 (VIOLATED)
_64498_/RESET_B                         1.50   12.55  -11.05 (VIOLATED)
_64507_/RESET_B                         1.50   12.55  -11.05 (VIOLATED)
_64506_/RESET_B                         1.50   12.55  -11.05 (VIOLATED)
_64546_/RESET_B                         1.50   12.55  -11.05 (VIOLATED)
_64549_/RESET_B                         1.50   12.55  -11.05 (VIOLATED)
_64548_/RESET_B                         1.50   12.55  -11.05 (VIOLATED)
_64547_/RESET_B                         1.50   12.55  -11.05 (VIOLATED)
_64534_/RESET_B                         1.50   12.55  -11.05 (VIOLATED)
_64130_/RESET_B                         1.50   12.55  -11.05 (VIOLATED)
_64531_/RESET_B                         1.50   12.55  -11.05 (VIOLATED)
_64533_/RESET_B                         1.50   12.55  -11.05 (VIOLATED)
_64532_/RESET_B                         1.50   12.55  -11.05 (VIOLATED)
_64698_/RESET_B                         1.50   12.55  -11.05 (VIOLATED)
_64705_/RESET_B                         1.50   12.55  -11.05 (VIOLATED)
_64700_/RESET_B                         1.50   12.55  -11.05 (VIOLATED)
_64701_/RESET_B                         1.50   12.55  -11.05 (VIOLATED)
_65093_/RESET_B                         1.50   12.55  -11.05 (VIOLATED)
_64704_/RESET_B                         1.50   12.55  -11.05 (VIOLATED)
_64699_/RESET_B                         1.50   12.55  -11.05 (VIOLATED)
_64551_/RESET_B                         1.50   12.55  -11.05 (VIOLATED)
_64702_/RESET_B                         1.50   12.55  -11.05 (VIOLATED)
_64923_/RESET_B                         1.50   12.55  -11.05 (VIOLATED)
_65091_/RESET_B                         1.50   12.55  -11.05 (VIOLATED)
_64921_/RESET_B                         1.50   12.55  -11.05 (VIOLATED)
_65092_/RESET_B                         1.50   12.55  -11.05 (VIOLATED)
_64920_/RESET_B                         1.50   12.55  -11.05 (VIOLATED)
_64636_/RESET_B                         1.50   12.55  -11.05 (VIOLATED)
_64647_/RESET_B                         1.50   12.55  -11.05 (VIOLATED)
_64649_/RESET_B                         1.50   12.55  -11.05 (VIOLATED)
_64214_/RESET_B                         1.50   12.55  -11.05 (VIOLATED)
_64646_/RESET_B                         1.50   12.55  -11.05 (VIOLATED)
_64215_/RESET_B                         1.50   12.55  -11.05 (VIOLATED)
_64553_/RESET_B                         1.50   12.55  -11.05 (VIOLATED)
_64574_/RESET_B                         1.50   12.55  -11.05 (VIOLATED)
_64573_/RESET_B                         1.50   12.55  -11.05 (VIOLATED)
_64550_/RESET_B                         1.50   12.55  -11.05 (VIOLATED)
_64554_/RESET_B                         1.50   12.55  -11.05 (VIOLATED)
_64555_/RESET_B                         1.50   12.55  -11.05 (VIOLATED)
_64552_/RESET_B                         1.50   12.55  -11.05 (VIOLATED)
_64216_/RESET_B                         1.50   12.55  -11.05 (VIOLATED)
_64645_/RESET_B                         1.50   12.55  -11.05 (VIOLATED)
_64644_/RESET_B                         1.50   12.55  -11.05 (VIOLATED)
_64703_/RESET_B                         1.50   12.55  -11.05 (VIOLATED)
_64481_/RESET_B                         1.50   12.55  -11.05 (VIOLATED)
_64559_/RESET_B                         1.50   12.55  -11.05 (VIOLATED)
_64568_/RESET_B                         1.50   12.55  -11.05 (VIOLATED)
_64567_/RESET_B                         1.50   12.55  -11.05 (VIOLATED)
_64572_/RESET_B                         1.50   12.55  -11.05 (VIOLATED)
_64566_/RESET_B                         1.50   12.55  -11.05 (VIOLATED)
_64641_/RESET_B                         1.50   12.55  -11.05 (VIOLATED)
_64558_/RESET_B                         1.50   12.55  -11.05 (VIOLATED)
_64557_/RESET_B                         1.50   12.55  -11.05 (VIOLATED)
_64898_/RESET_B                         1.50   12.55  -11.05 (VIOLATED)
_64899_/RESET_B                         1.50   12.55  -11.05 (VIOLATED)
_64556_/RESET_B                         1.50   12.55  -11.05 (VIOLATED)
_64900_/RESET_B                         1.50   12.54  -11.04 (VIOLATED)
_64217_/RESET_B                         1.50   12.54  -11.04 (VIOLATED)
_64218_/RESET_B                         1.50   12.54  -11.04 (VIOLATED)
_64637_/RESET_B                         1.50   12.53  -11.03 (VIOLATED)
_64563_/RESET_B                         1.50   12.53  -11.03 (VIOLATED)
_64635_/RESET_B                         1.50   12.53  -11.03 (VIOLATED)
_64565_/RESET_B                         1.50   12.52  -11.02 (VIOLATED)
_64648_/RESET_B                         1.50   12.52  -11.02 (VIOLATED)
_64634_/RESET_B                         1.50   12.51  -11.01 (VIOLATED)
_64564_/RESET_B                         1.50   12.50  -11.00 (VIOLATED)
_64598_/RESET_B                         1.50   12.50  -11.00 (VIOLATED)
_64614_/RESET_B                         1.50   12.49  -10.99 (VIOLATED)
_64613_/RESET_B                         1.50   12.49  -10.99 (VIOLATED)
_64629_/RESET_B                         1.50   12.49  -10.99 (VIOLATED)
_64630_/RESET_B                         1.50   12.49  -10.99 (VIOLATED)
_64633_/RESET_B                         1.50   12.49  -10.99 (VIOLATED)
_64617_/RESET_B                         1.50   12.49  -10.99 (VIOLATED)
_64631_/RESET_B                         1.50   12.49  -10.99 (VIOLATED)
_64219_/RESET_B                         1.50   12.49  -10.99 (VIOLATED)
_64044_/RESET_B                         1.50   12.49  -10.99 (VIOLATED)
_64632_/RESET_B                         1.50   12.49  -10.99 (VIOLATED)
_64615_/RESET_B                         1.50   12.49  -10.99 (VIOLATED)
_64616_/RESET_B                         1.50   12.49  -10.99 (VIOLATED)
_64600_/RESET_B                         1.50   12.49  -10.99 (VIOLATED)
_64599_/RESET_B                         1.50   12.49  -10.99 (VIOLATED)
_64561_/RESET_B                         1.50   12.49  -10.99 (VIOLATED)
_64597_/RESET_B                         1.50   12.49  -10.99 (VIOLATED)
_64601_/RESET_B                         1.50   12.49  -10.99 (VIOLATED)
_64045_/RESET_B                         1.50   12.48  -10.98 (VIOLATED)
_64946_/RESET_B                         1.50   12.48  -10.98 (VIOLATED)
_64945_/RESET_B                         1.50   12.48  -10.98 (VIOLATED)
_64562_/RESET_B                         1.50   12.48  -10.98 (VIOLATED)
_64020_/RESET_B                         1.50   12.48  -10.98 (VIOLATED)
_64961_/RESET_B                         1.50   12.47  -10.97 (VIOLATED)
_64346_/RESET_B                         1.50   12.46  -10.96 (VIOLATED)
_64043_/RESET_B                         1.50   12.46  -10.96 (VIOLATED)
_64348_/RESET_B                         1.50   12.46  -10.96 (VIOLATED)
_64944_/RESET_B                         1.50   12.46  -10.96 (VIOLATED)
_64942_/RESET_B                         1.50   12.46  -10.96 (VIOLATED)
_64938_/RESET_B                         1.50   12.46  -10.96 (VIOLATED)
_64941_/RESET_B                         1.50   12.46  -10.96 (VIOLATED)
_64093_/RESET_B                         1.50   12.46  -10.96 (VIOLATED)
_64943_/RESET_B                         1.50   12.46  -10.96 (VIOLATED)
_64096_/RESET_B                         1.50   12.46  -10.96 (VIOLATED)
_64097_/RESET_B                         1.50   12.46  -10.96 (VIOLATED)
_64345_/RESET_B                         1.50   12.46  -10.96 (VIOLATED)
_64914_/RESET_B                         1.50   12.46  -10.96 (VIOLATED)
_64095_/RESET_B                         1.50   12.46  -10.96 (VIOLATED)
_64963_/RESET_B                         1.50   12.46  -10.96 (VIOLATED)
_64962_/RESET_B                         1.50   12.46  -10.96 (VIOLATED)
_64960_/RESET_B                         1.50   12.46  -10.96 (VIOLATED)
_64954_/RESET_B                         1.50   12.45  -10.95 (VIOLATED)
_64955_/RESET_B                         1.50   12.45  -10.95 (VIOLATED)
_64957_/RESET_B                         1.50   12.45  -10.95 (VIOLATED)
_64949_/RESET_B                         1.50   12.45  -10.95 (VIOLATED)
_64951_/RESET_B                         1.50   12.45  -10.95 (VIOLATED)
_64958_/RESET_B                         1.50   12.45  -10.95 (VIOLATED)
_64959_/RESET_B                         1.50   12.45  -10.95 (VIOLATED)
_64094_/SET_B                           1.50   12.44  -10.94 (VIOLATED)
_64021_/RESET_B                         1.50   12.44  -10.94 (VIOLATED)
_64039_/RESET_B                         1.50   12.43  -10.93 (VIOLATED)
_64956_/RESET_B                         1.50   12.43  -10.93 (VIOLATED)
_64042_/RESET_B                         1.50   12.43  -10.93 (VIOLATED)
_64027_/RESET_B                         1.50   12.42  -10.92 (VIOLATED)
_64023_/RESET_B                         1.50   12.42  -10.92 (VIOLATED)
_64024_/RESET_B                         1.50   12.42  -10.92 (VIOLATED)
_64022_/RESET_B                         1.50   12.42  -10.92 (VIOLATED)
_64041_/RESET_B                         1.50   12.42  -10.92 (VIOLATED)
_64040_/RESET_B                         1.50   12.42  -10.92 (VIOLATED)
_64535_/RESET_B                         1.50   12.41  -10.91 (VIOLATED)
_64536_/RESET_B                         1.50   12.41  -10.91 (VIOLATED)
_64545_/RESET_B                         1.50   12.41  -10.91 (VIOLATED)
_64537_/RESET_B                         1.50   12.41  -10.91 (VIOLATED)
_64575_/RESET_B                         1.50   12.41  -10.91 (VIOLATED)
_64026_/RESET_B                         1.50   12.41  -10.91 (VIOLATED)
_64579_/RESET_B                         1.50   12.41  -10.91 (VIOLATED)
_64577_/RESET_B                         1.50   12.41  -10.91 (VIOLATED)
_64576_/RESET_B                         1.50   12.41  -10.91 (VIOLATED)
_64578_/RESET_B                         1.50   12.41  -10.91 (VIOLATED)
_64571_/RESET_B                         1.50   12.41  -10.91 (VIOLATED)
_64569_/RESET_B                         1.50   12.41  -10.91 (VIOLATED)
_64570_/RESET_B                         1.50   12.41  -10.91 (VIOLATED)
_64542_/RESET_B                         1.50   12.41  -10.91 (VIOLATED)
_64543_/RESET_B                         1.50   12.41  -10.91 (VIOLATED)
_64539_/RESET_B                         1.50   12.41  -10.91 (VIOLATED)
_64538_/RESET_B                         1.50   12.41  -10.91 (VIOLATED)
_64541_/RESET_B                         1.50   12.41  -10.91 (VIOLATED)
_64038_/RESET_B                         1.50   12.41  -10.91 (VIOLATED)
_64037_/RESET_B                         1.50   12.41  -10.91 (VIOLATED)
_64544_/RESET_B                         1.50   12.41  -10.91 (VIOLATED)
_64540_/RESET_B                         1.50   12.41  -10.91 (VIOLATED)
_64018_/RESET_B                         1.50   12.41  -10.91 (VIOLATED)
_64585_/RESET_B                         1.50   12.41  -10.91 (VIOLATED)
_64030_/RESET_B                         1.50   12.41  -10.91 (VIOLATED)
_64025_/RESET_B                         1.50   12.41  -10.91 (VIOLATED)
_64580_/RESET_B                         1.50   12.41  -10.91 (VIOLATED)
_64948_/RESET_B                         1.50   12.41  -10.91 (VIOLATED)
_64947_/RESET_B                         1.50   12.41  -10.91 (VIOLATED)
_64950_/RESET_B                         1.50   12.41  -10.91 (VIOLATED)
_64034_/RESET_B                         1.50   12.41  -10.91 (VIOLATED)
_64036_/RESET_B                         1.50   12.41  -10.91 (VIOLATED)
_64035_/RESET_B                         1.50   12.41  -10.91 (VIOLATED)
_64581_/RESET_B                         1.50   12.41  -10.91 (VIOLATED)
_64928_/RESET_B                         1.50   12.41  -10.91 (VIOLATED)
_64033_/RESET_B                         1.50   12.41  -10.91 (VIOLATED)
_64582_/RESET_B                         1.50   12.41  -10.91 (VIOLATED)
_64953_/RESET_B                         1.50   12.41  -10.91 (VIOLATED)
_64029_/RESET_B                         1.50   12.41  -10.91 (VIOLATED)
_64584_/RESET_B                         1.50   12.41  -10.91 (VIOLATED)
_64583_/RESET_B                         1.50   12.41  -10.91 (VIOLATED)
_64032_/RESET_B                         1.50   12.41  -10.91 (VIOLATED)
_64031_/RESET_B                         1.50   12.41  -10.91 (VIOLATED)
_64952_/RESET_B                         1.50   12.41  -10.91 (VIOLATED)
_64931_/RESET_B                         1.50   12.41  -10.91 (VIOLATED)
_64935_/RESET_B                         1.50   12.41  -10.91 (VIOLATED)
_64933_/RESET_B                         1.50   12.41  -10.91 (VIOLATED)
_64930_/RESET_B                         1.50   12.41  -10.91 (VIOLATED)
_64936_/RESET_B                         1.50   12.40  -10.90 (VIOLATED)
_64929_/RESET_B                         1.50   12.40  -10.90 (VIOLATED)
_64932_/RESET_B                         1.50   12.40  -10.90 (VIOLATED)
_64934_/RESET_B                         1.50   12.40  -10.90 (VIOLATED)
_64028_/RESET_B                         1.50   12.40  -10.90 (VIOLATED)
_64927_/RESET_B                         1.50   12.37  -10.87 (VIOLATED)
_64939_/RESET_B                         1.50   12.35  -10.85 (VIOLATED)
_64940_/RESET_B                         1.50   12.35  -10.85 (VIOLATED)
_64937_/RESET_B                         1.50   12.35  -10.85 (VIOLATED)
_64926_/RESET_B                         1.50   12.33  -10.83 (VIOLATED)
_64925_/RESET_B                         1.50   12.33  -10.83 (VIOLATED)
_64924_/RESET_B                         1.50   12.32  -10.82 (VIOLATED)
_64922_/RESET_B                         1.50   12.30  -10.80 (VIOLATED)
_64919_/RESET_B                         1.50   12.29  -10.79 (VIOLATED)
_65090_/RESET_B                         1.50   12.28  -10.78 (VIOLATED)
_65089_/RESET_B                         1.50   12.28  -10.78 (VIOLATED)
_65087_/RESET_B                         1.50   12.26  -10.76 (VIOLATED)
_65086_/RESET_B                         1.50   12.26  -10.76 (VIOLATED)
_65085_/RESET_B                         1.50   12.26  -10.76 (VIOLATED)
_65084_/RESET_B                         1.50   12.25  -10.75 (VIOLATED)
_65094_/RESET_B                         1.50   12.20  -10.70 (VIOLATED)
_65095_/RESET_B                         1.50   12.20  -10.70 (VIOLATED)
_65083_/RESET_B                         1.50   12.20  -10.70 (VIOLATED)
_65079_/RESET_B                         1.50   12.18  -10.68 (VIOLATED)
_65096_/RESET_B                         1.50   12.18  -10.68 (VIOLATED)
_65080_/RESET_B                         1.50   12.18  -10.68 (VIOLATED)
_65081_/RESET_B                         1.50   12.16  -10.66 (VIOLATED)
_65088_/RESET_B                         1.50   12.14  -10.64 (VIOLATED)
_64376_/RESET_B                         1.50   12.13  -10.63 (VIOLATED)
_65082_/RESET_B                         1.50   12.12  -10.62 (VIOLATED)
_65097_/RESET_B                         1.50   12.10  -10.60 (VIOLATED)
_64374_/RESET_B                         1.50   12.08  -10.58 (VIOLATED)
_64339_/RESET_B                         1.50   12.07  -10.57 (VIOLATED)
_64353_/RESET_B                         1.50   12.07  -10.57 (VIOLATED)
_64340_/RESET_B                         1.50   12.07  -10.57 (VIOLATED)
_64349_/RESET_B                         1.50   12.07  -10.57 (VIOLATED)
_64342_/RESET_B                         1.50   12.07  -10.57 (VIOLATED)
_64347_/RESET_B                         1.50   12.07  -10.57 (VIOLATED)
_64344_/RESET_B                         1.50   12.07  -10.57 (VIOLATED)
_64343_/RESET_B                         1.50   12.07  -10.57 (VIOLATED)
_64341_/RESET_B                         1.50   12.07  -10.57 (VIOLATED)
_64375_/RESET_B                         1.50   12.07  -10.57 (VIOLATED)
_64373_/RESET_B                         1.50   12.04  -10.54 (VIOLATED)
_64337_/RESET_B                         1.50   12.02  -10.52 (VIOLATED)
_64338_/RESET_B                         1.50   12.02  -10.52 (VIOLATED)
_64377_/RESET_B                         1.50   12.02  -10.52 (VIOLATED)
_65102_/RESET_B                         1.50   12.00  -10.50 (VIOLATED)
_65106_/RESET_B                         1.50   12.00  -10.50 (VIOLATED)
_65107_/RESET_B                         1.50   12.00  -10.50 (VIOLATED)
_65098_/RESET_B                         1.50   12.00  -10.50 (VIOLATED)
_65100_/RESET_B                         1.50   12.00  -10.50 (VIOLATED)
_64378_/RESET_B                         1.50   11.97  -10.47 (VIOLATED)
_65099_/RESET_B                         1.50   11.97  -10.47 (VIOLATED)
_65103_/RESET_B                         1.50   11.95  -10.45 (VIOLATED)
_64372_/RESET_B                         1.50   11.94  -10.44 (VIOLATED)
_64379_/RESET_B                         1.50   11.92  -10.42 (VIOLATED)
_64371_/RESET_B                         1.50   11.89  -10.39 (VIOLATED)
_64369_/RESET_B                         1.50   11.88  -10.38 (VIOLATED)
_64370_/RESET_B                         1.50   11.88  -10.38 (VIOLATED)
_64385_/RESET_B                         1.50   11.86  -10.36 (VIOLATED)
_65108_/RESET_B                         1.50   11.83  -10.33 (VIOLATED)
_65109_/RESET_B                         1.50   11.83  -10.33 (VIOLATED)
_65104_/RESET_B                         1.50   11.83  -10.33 (VIOLATED)
_64381_/RESET_B                         1.50   11.83  -10.33 (VIOLATED)
_64380_/RESET_B                         1.50   11.83  -10.33 (VIOLATED)
_64290_/RESET_B                         1.50   11.79  -10.29 (VIOLATED)
_64321_/SET_B                           1.50   11.79  -10.29 (VIOLATED)
_64318_/SET_B                           1.50   11.79  -10.29 (VIOLATED)
_64320_/SET_B                           1.50   11.79  -10.29 (VIOLATED)
_64287_/RESET_B                         1.50   11.79  -10.29 (VIOLATED)
_64319_/SET_B                           1.50   11.79  -10.29 (VIOLATED)
_64286_/RESET_B                         1.50   11.79  -10.29 (VIOLATED)
_64386_/RESET_B                         1.50   11.79  -10.29 (VIOLATED)
_64384_/RESET_B                         1.50   11.79  -10.29 (VIOLATED)
_64756_/RESET_B                         1.50   11.78  -10.28 (VIOLATED)
_64788_/RESET_B                         1.50   11.78  -10.28 (VIOLATED)
_64284_/RESET_B                         1.50   11.78  -10.28 (VIOLATED)
_64316_/SET_B                           1.50   11.78  -10.28 (VIOLATED)
_64720_/RESET_B                         1.50   11.78  -10.28 (VIOLATED)
_64757_/RESET_B                         1.50   11.78  -10.28 (VIOLATED)
_64789_/RESET_B                         1.50   11.78  -10.28 (VIOLATED)
_64382_/RESET_B                         1.50   11.78  -10.28 (VIOLATED)
_64383_/RESET_B                         1.50   11.78  -10.28 (VIOLATED)
_64317_/SET_B                           1.50   11.76  -10.26 (VIOLATED)
_64313_/SET_B                           1.50   11.76  -10.26 (VIOLATED)
_64281_/RESET_B                         1.50   11.73  -10.23 (VIOLATED)
_64696_/RESET_B                         1.50   11.72  -10.22 (VIOLATED)
_64697_/RESET_B                         1.50   11.72  -10.22 (VIOLATED)
_64692_/RESET_B                         1.50   11.72  -10.22 (VIOLATED)
_64695_/RESET_B                         1.50   11.72  -10.22 (VIOLATED)
_64693_/RESET_B                         1.50   11.72  -10.22 (VIOLATED)
_64691_/RESET_B                         1.50   11.72  -10.22 (VIOLATED)
_64694_/RESET_B                         1.50   11.72  -10.22 (VIOLATED)
_64690_/RESET_B                         1.50   11.72  -10.22 (VIOLATED)
_64706_/RESET_B                         1.50   11.72  -10.22 (VIOLATED)
_64708_/RESET_B                         1.50   11.72  -10.22 (VIOLATED)
_64707_/RESET_B                         1.50   11.72  -10.22 (VIOLATED)
_64775_/RESET_B                         1.50   11.72  -10.22 (VIOLATED)
_64743_/RESET_B                         1.50   11.72  -10.22 (VIOLATED)
_64776_/RESET_B                         1.50   11.72  -10.22 (VIOLATED)
_64744_/RESET_B                         1.50   11.72  -10.22 (VIOLATED)
_64711_/RESET_B                         1.50   11.72  -10.22 (VIOLATED)
_64709_/RESET_B                         1.50   11.72  -10.22 (VIOLATED)
_64710_/RESET_B                         1.50   11.72  -10.22 (VIOLATED)
_64712_/RESET_B                         1.50   11.72  -10.22 (VIOLATED)
_64714_/RESET_B                         1.50   11.72  -10.22 (VIOLATED)
_64713_/RESET_B                         1.50   11.72  -10.22 (VIOLATED)
_64716_/RESET_B                         1.50   11.72  -10.22 (VIOLATED)
_64718_/RESET_B                         1.50   11.72  -10.22 (VIOLATED)
_65105_/RESET_B                         1.50   11.72  -10.22 (VIOLATED)
_65101_/RESET_B                         1.50   11.72  -10.22 (VIOLATED)
_65110_/RESET_B                         1.50   11.72  -10.22 (VIOLATED)
_64715_/RESET_B                         1.50   11.72  -10.22 (VIOLATED)
_64717_/RESET_B                         1.50   11.72  -10.22 (VIOLATED)
_64721_/RESET_B                         1.50   11.72  -10.22 (VIOLATED)
_64719_/RESET_B                         1.50   11.72  -10.22 (VIOLATED)
_64741_/RESET_B                         1.50   11.72  -10.22 (VIOLATED)
_64742_/RESET_B                         1.50   11.72  -10.22 (VIOLATED)
_64758_/RESET_B                         1.50   11.72  -10.22 (VIOLATED)
_64738_/RESET_B                         1.50   11.72  -10.22 (VIOLATED)
_64736_/RESET_B                         1.50   11.72  -10.22 (VIOLATED)
_64737_/RESET_B                         1.50   11.72  -10.22 (VIOLATED)
_64760_/RESET_B                         1.50   11.72  -10.22 (VIOLATED)
_64790_/RESET_B                         1.50   11.72  -10.22 (VIOLATED)
_64763_/RESET_B                         1.50   11.72  -10.22 (VIOLATED)
_64764_/RESET_B                         1.50   11.72  -10.22 (VIOLATED)
_64762_/RESET_B                         1.50   11.72  -10.22 (VIOLATED)
_64761_/RESET_B                         1.50   11.72  -10.22 (VIOLATED)
_64765_/RESET_B                         1.50   11.72  -10.22 (VIOLATED)
_64745_/RESET_B                         1.50   11.72  -10.22 (VIOLATED)
_64759_/RESET_B                         1.50   11.72  -10.22 (VIOLATED)
_64777_/RESET_B                         1.50   11.72  -10.22 (VIOLATED)
_64766_/RESET_B                         1.50   11.72  -10.22 (VIOLATED)
_64734_/RESET_B                         1.50   11.72  -10.22 (VIOLATED)
_64733_/RESET_B                         1.50   11.72  -10.22 (VIOLATED)
_64979_/RESET_B                         1.50   11.72  -10.22 (VIOLATED)
_64968_/RESET_B                         1.50   11.72  -10.22 (VIOLATED)
_64980_/RESET_B                         1.50   11.72  -10.22 (VIOLATED)
_64729_/RESET_B                         1.50   11.72  -10.22 (VIOLATED)
_64964_/RESET_B                         1.50   11.72  -10.22 (VIOLATED)
_64975_/RESET_B                         1.50   11.72  -10.22 (VIOLATED)
_64727_/RESET_B                         1.50   11.72  -10.22 (VIOLATED)
_64967_/RESET_B                         1.50   11.72  -10.22 (VIOLATED)
_64974_/RESET_B                         1.50   11.72  -10.22 (VIOLATED)
_64786_/RESET_B                         1.50   11.72  -10.22 (VIOLATED)
_64965_/RESET_B                         1.50   11.72  -10.22 (VIOLATED)
_64728_/RESET_B                         1.50   11.72  -10.22 (VIOLATED)
_64755_/RESET_B                         1.50   11.72  -10.22 (VIOLATED)
_64769_/RESET_B                         1.50   11.72  -10.22 (VIOLATED)
_64754_/RESET_B                         1.50   11.72  -10.22 (VIOLATED)
_64731_/RESET_B                         1.50   11.72  -10.22 (VIOLATED)
_64732_/RESET_B                         1.50   11.72  -10.22 (VIOLATED)
_64966_/RESET_B                         1.50   11.72  -10.22 (VIOLATED)
_64730_/RESET_B                         1.50   11.72  -10.22 (VIOLATED)
_64970_/RESET_B                         1.50   11.72  -10.22 (VIOLATED)
_64969_/RESET_B                         1.50   11.71  -10.21 (VIOLATED)
_64973_/RESET_B                         1.50   11.71  -10.21 (VIOLATED)
_64985_/RESET_B                         1.50   11.71  -10.21 (VIOLATED)
_64972_/RESET_B                         1.50   11.71  -10.21 (VIOLATED)
_64971_/RESET_B                         1.50   11.71  -10.21 (VIOLATED)
_64285_/RESET_B                         1.50   11.71  -10.21 (VIOLATED)
_64749_/RESET_B                         1.50   11.71  -10.21 (VIOLATED)
_64787_/RESET_B                         1.50   11.71  -10.21 (VIOLATED)
_64981_/RESET_B                         1.50   11.71  -10.21 (VIOLATED)
_64748_/RESET_B                         1.50   11.71  -10.21 (VIOLATED)
_64982_/RESET_B                         1.50   11.71  -10.21 (VIOLATED)
_64746_/RESET_B                         1.50   11.71  -10.21 (VIOLATED)
_64747_/RESET_B                         1.50   11.71  -10.21 (VIOLATED)
_64735_/RESET_B                         1.50   11.71  -10.21 (VIOLATED)
_64983_/RESET_B                         1.50   11.71  -10.21 (VIOLATED)
_64780_/RESET_B                         1.50   11.71  -10.21 (VIOLATED)
_64984_/RESET_B                         1.50   11.71  -10.21 (VIOLATED)
_64779_/RESET_B                         1.50   11.71  -10.21 (VIOLATED)
_64778_/RESET_B                         1.50   11.71  -10.21 (VIOLATED)
_64781_/RESET_B                         1.50   11.71  -10.21 (VIOLATED)
_64987_/RESET_B                         1.50   11.71  -10.21 (VIOLATED)
_64986_/RESET_B                         1.50   11.71  -10.21 (VIOLATED)
_64783_/RESET_B                         1.50   11.71  -10.21 (VIOLATED)
_64785_/RESET_B                         1.50   11.71  -10.21 (VIOLATED)
_64767_/RESET_B                         1.50   11.71  -10.21 (VIOLATED)
_64782_/RESET_B                         1.50   11.71  -10.21 (VIOLATED)
_64990_/RESET_B                         1.50   11.71  -10.21 (VIOLATED)
_64768_/RESET_B                         1.50   11.71  -10.21 (VIOLATED)
_64991_/RESET_B                         1.50   11.71  -10.21 (VIOLATED)
_64750_/RESET_B                         1.50   11.71  -10.21 (VIOLATED)
_64988_/RESET_B                         1.50   11.71  -10.21 (VIOLATED)
_64989_/RESET_B                         1.50   11.71  -10.21 (VIOLATED)
_64753_/RESET_B                         1.50   11.71  -10.21 (VIOLATED)
_64751_/RESET_B                         1.50   11.71  -10.21 (VIOLATED)
_64752_/RESET_B                         1.50   11.71  -10.21 (VIOLATED)
_64335_/RESET_B                         1.50   11.70  -10.20 (VIOLATED)
_64336_/RESET_B                         1.50   11.70  -10.20 (VIOLATED)
_64356_/RESET_B                         1.50   11.70  -10.20 (VIOLATED)
_64334_/RESET_B                         1.50   11.70  -10.20 (VIOLATED)
_64332_/RESET_B                         1.50   11.70  -10.20 (VIOLATED)
_64357_/RESET_B                         1.50   11.70  -10.20 (VIOLATED)
_64327_/RESET_B                         1.50   11.70  -10.20 (VIOLATED)
_64328_/RESET_B                         1.50   11.70  -10.20 (VIOLATED)
_64330_/RESET_B                         1.50   11.70  -10.20 (VIOLATED)
_64280_/RESET_B                         1.50   11.70  -10.20 (VIOLATED)
_65001_/RESET_B                         1.50   11.70  -10.20 (VIOLATED)
_64250_/RESET_B                         1.50   11.70  -10.20 (VIOLATED)
_64252_/RESET_B                         1.50   11.70  -10.20 (VIOLATED)
_64329_/RESET_B                         1.50   11.70  -10.20 (VIOLATED)
_64331_/RESET_B                         1.50   11.70  -10.20 (VIOLATED)
_64359_/RESET_B                         1.50   11.70  -10.20 (VIOLATED)
_64360_/RESET_B                         1.50   11.70  -10.20 (VIOLATED)
_64358_/RESET_B                         1.50   11.70  -10.20 (VIOLATED)
_64362_/RESET_B                         1.50   11.70  -10.20 (VIOLATED)
_64368_/RESET_B                         1.50   11.70  -10.20 (VIOLATED)
_64367_/RESET_B                         1.50   11.70  -10.20 (VIOLATED)
_64333_/RESET_B                         1.50   11.70  -10.20 (VIOLATED)
_64256_/RESET_B                         1.50   11.70  -10.20 (VIOLATED)
_64288_/RESET_B                         1.50   11.70  -10.20 (VIOLATED)
_64365_/RESET_B                         1.50   11.70  -10.20 (VIOLATED)
_64366_/RESET_B                         1.50   11.70  -10.20 (VIOLATED)
_64255_/RESET_B                         1.50   11.70  -10.20 (VIOLATED)
_64364_/RESET_B                         1.50   11.70  -10.20 (VIOLATED)
_64314_/SET_B                           1.50   11.70  -10.20 (VIOLATED)
_64363_/RESET_B                         1.50   11.70  -10.20 (VIOLATED)
_64261_/RESET_B                         1.50   11.70  -10.20 (VIOLATED)
_64784_/RESET_B                         1.50   11.70  -10.20 (VIOLATED)
_64259_/RESET_B                         1.50   11.70  -10.20 (VIOLATED)
_64257_/RESET_B                         1.50   11.70  -10.20 (VIOLATED)
_64254_/RESET_B                         1.50   11.70  -10.20 (VIOLATED)
_64264_/RESET_B                         1.50   11.70  -10.20 (VIOLATED)
_64361_/RESET_B                         1.50   11.70  -10.20 (VIOLATED)
_64262_/RESET_B                         1.50   11.70  -10.20 (VIOLATED)
_64294_/SET_B                           1.50   11.70  -10.20 (VIOLATED)
_64265_/RESET_B                         1.50   11.70  -10.20 (VIOLATED)
_64263_/RESET_B                         1.50   11.70  -10.20 (VIOLATED)
_64289_/RESET_B                         1.50   11.70  -10.20 (VIOLATED)
_64295_/SET_B                           1.50   11.70  -10.20 (VIOLATED)
_64297_/SET_B                           1.50   11.70  -10.20 (VIOLATED)
_64230_/RESET_B                         1.50   11.70  -10.20 (VIOLATED)
_64296_/SET_B                           1.50   11.70  -10.20 (VIOLATED)
_64232_/RESET_B                         1.50   11.70  -10.20 (VIOLATED)
_64293_/SET_B                           1.50   11.70  -10.20 (VIOLATED)
_64282_/RESET_B                         1.50   11.70  -10.20 (VIOLATED)
_64229_/RESET_B                         1.50   11.70  -10.20 (VIOLATED)
_64258_/RESET_B                         1.50   11.70  -10.20 (VIOLATED)
_64228_/RESET_B                         1.50   11.70  -10.20 (VIOLATED)
_64292_/SET_B                           1.50   11.70  -10.20 (VIOLATED)
_64260_/RESET_B                         1.50   11.70  -10.20 (VIOLATED)
_64291_/SET_B                           1.50   11.70  -10.20 (VIOLATED)
_64227_/RESET_B                         1.50   11.70  -10.20 (VIOLATED)
_64322_/SET_B                           1.50   11.69  -10.19 (VIOLATED)
_64249_/RESET_B                         1.50   11.69  -10.19 (VIOLATED)
_64283_/RESET_B                         1.50   11.69  -10.19 (VIOLATED)
_64253_/RESET_B                         1.50   11.69  -10.19 (VIOLATED)
_64315_/SET_B                           1.50   11.67  -10.17 (VIOLATED)
_64251_/RESET_B                         1.50   11.64  -10.14 (VIOLATED)
_64279_/RESET_B                         1.50   11.62  -10.12 (VIOLATED)
_64311_/SET_B                           1.50   11.62  -10.12 (VIOLATED)
_64312_/SET_B                           1.50   11.59  -10.09 (VIOLATED)
_64308_/SET_B                           1.50   11.56  -10.06 (VIOLATED)
_64992_/RESET_B                         1.50   11.55  -10.05 (VIOLATED)
_64994_/RESET_B                         1.50   11.55  -10.05 (VIOLATED)
_64993_/RESET_B                         1.50   11.55  -10.05 (VIOLATED)
_64995_/RESET_B                         1.50   11.55  -10.05 (VIOLATED)
_64276_/RESET_B                         1.50   11.55  -10.05 (VIOLATED)
_64244_/RESET_B                         1.50   11.53  -10.03 (VIOLATED)
_64248_/RESET_B                         1.50   11.52  -10.02 (VIOLATED)
_64247_/RESET_B                         1.50   11.50  -10.00 (VIOLATED)
_64246_/RESET_B                         1.50   11.48   -9.98 (VIOLATED)
_64304_/SET_B                           1.50   11.46   -9.96 (VIOLATED)
_64307_/SET_B                           1.50   11.46   -9.96 (VIOLATED)
_64303_/SET_B                           1.50   11.46   -9.96 (VIOLATED)
_64305_/SET_B                           1.50   11.46   -9.96 (VIOLATED)
_64306_/SET_B                           1.50   11.46   -9.96 (VIOLATED)
_64273_/RESET_B                         1.50   11.46   -9.96 (VIOLATED)
_64245_/RESET_B                         1.50   11.46   -9.96 (VIOLATED)
_64274_/RESET_B                         1.50   11.46   -9.96 (VIOLATED)
_64309_/SET_B                           1.50   11.46   -9.96 (VIOLATED)
_64277_/RESET_B                         1.50   11.46   -9.96 (VIOLATED)
_64310_/SET_B                           1.50   11.46   -9.96 (VIOLATED)
_64278_/RESET_B                         1.50   11.46   -9.96 (VIOLATED)
_64241_/RESET_B                         1.50   11.46   -9.96 (VIOLATED)
_64242_/RESET_B                         1.50   11.45   -9.95 (VIOLATED)
_64239_/RESET_B                         1.50   11.43   -9.93 (VIOLATED)
_64243_/RESET_B                         1.50   11.43   -9.93 (VIOLATED)
_64271_/RESET_B                         1.50   11.41   -9.91 (VIOLATED)
_64275_/RESET_B                         1.50   11.40   -9.90 (VIOLATED)
_64240_/RESET_B                         1.50   11.39   -9.89 (VIOLATED)
_64272_/RESET_B                         1.50   11.38   -9.88 (VIOLATED)
_64238_/RESET_B                         1.50   11.36   -9.86 (VIOLATED)
_64236_/RESET_B                         1.50   11.34   -9.84 (VIOLATED)
_64234_/RESET_B                         1.50   11.33   -9.83 (VIOLATED)
_64302_/SET_B                           1.50   11.31   -9.81 (VIOLATED)
_64300_/SET_B                           1.50   11.31   -9.81 (VIOLATED)
_64298_/SET_B                           1.50   11.31   -9.81 (VIOLATED)
_64301_/SET_B                           1.50   11.29   -9.79 (VIOLATED)
_64299_/SET_B                           1.50   11.29   -9.79 (VIOLATED)
_64231_/RESET_B                         1.50   11.28   -9.78 (VIOLATED)
_64233_/RESET_B                         1.50   11.28   -9.78 (VIOLATED)
_64235_/RESET_B                         1.50   11.26   -9.76 (VIOLATED)
_64237_/RESET_B                         1.50   11.26   -9.76 (VIOLATED)
_64267_/RESET_B                         1.50   11.24   -9.74 (VIOLATED)
_64270_/RESET_B                         1.50   11.23   -9.73 (VIOLATED)
_64268_/RESET_B                         1.50   11.23   -9.73 (VIOLATED)
_64266_/RESET_B                         1.50   11.23   -9.73 (VIOLATED)
_64269_/RESET_B                         1.50   11.23   -9.73 (VIOLATED)

