
68. Printing statistics.

=== IBEX_SoC ===

   Number of wires:              71075
   Number of wire bits:          71103
   Number of public wires:        9443
   Number of public wire bits:    9471
   Number of memories:               0
   Number of memory bits:            0
   Number of processes:              0
   Number of cells:              71091
     $_DLATCH_N_                     6
     sky130_fd_sc_hd__a2111o_4     360
     sky130_fd_sc_hd__a2111oi_4    446
     sky130_fd_sc_hd__a211o_4     2515
     sky130_fd_sc_hd__a21bo_4       83
     sky130_fd_sc_hd__a21boi_4     268
     sky130_fd_sc_hd__a21o_4      6447
     sky130_fd_sc_hd__a21oi_4     1030
     sky130_fd_sc_hd__a22oi_4      155
     sky130_fd_sc_hd__a2bb2o_4     127
     sky130_fd_sc_hd__a2bb2oi_4     60
     sky130_fd_sc_hd__a32o_4       135
     sky130_fd_sc_hd__a32oi_4      139
     sky130_fd_sc_hd__a41o_4       173
     sky130_fd_sc_hd__a41oi_4      202
     sky130_fd_sc_hd__and2_4      1359
     sky130_fd_sc_hd__and3_4       863
     sky130_fd_sc_hd__and4_4      5500
     sky130_fd_sc_hd__buf_1      16932
     sky130_fd_sc_hd__buf_4        980
     sky130_fd_sc_hd__buf_8          3
     sky130_fd_sc_hd__conb_1         5
     sky130_fd_sc_hd__dfrtp_4     2349
     sky130_fd_sc_hd__dfstp_4       45
     sky130_fd_sc_hd__dfxtp_4     6991
     sky130_fd_sc_hd__inv_8       2331
     sky130_fd_sc_hd__maj3_4       141
     sky130_fd_sc_hd__nand2_4     1495
     sky130_fd_sc_hd__nand3_4     2768
     sky130_fd_sc_hd__nand4_4     3135
     sky130_fd_sc_hd__nor2_4      2920
     sky130_fd_sc_hd__nor3_4      1083
     sky130_fd_sc_hd__nor4_4       310
     sky130_fd_sc_hd__o21a_4      5656
     sky130_fd_sc_hd__o21ai_4     2712
     sky130_fd_sc_hd__o22a_4        61
     sky130_fd_sc_hd__o32a_4        25
     sky130_fd_sc_hd__o32ai_4       90
     sky130_fd_sc_hd__o41a_4        82
     sky130_fd_sc_hd__o41ai_4       23
     sky130_fd_sc_hd__or2_4        170
     sky130_fd_sc_hd__or3_4         50
     sky130_fd_sc_hd__or4_4          6
     sky130_fd_sc_hd__xnor2_4      355
     sky130_fd_sc_hd__xor2_4       505

   Area for cell type $_DLATCH_N_ is unknown!

   Chip area for module '\IBEX_SoC': 975548.128001

