
68. Printing statistics.

=== IBEX_SoC ===

   Number of wires:              73814
   Number of wire bits:          73842
   Number of public wires:        9443
   Number of public wire bits:    9471
   Number of memories:               0
   Number of memory bits:            0
   Number of processes:              0
   Number of cells:              73830
     $_DLATCH_N_                     6
     sky130_fd_sc_hd__a2111o_4     370
     sky130_fd_sc_hd__a2111oi_4    456
     sky130_fd_sc_hd__a211o_4     4013
     sky130_fd_sc_hd__a21bo_4       87
     sky130_fd_sc_hd__a21boi_4     170
     sky130_fd_sc_hd__a21o_4      8443
     sky130_fd_sc_hd__a21oi_4     1092
     sky130_fd_sc_hd__a22oi_4      151
     sky130_fd_sc_hd__a2bb2o_4     134
     sky130_fd_sc_hd__a2bb2oi_4     59
     sky130_fd_sc_hd__a32o_4       131
     sky130_fd_sc_hd__a32oi_4      665
     sky130_fd_sc_hd__a41o_4       217
     sky130_fd_sc_hd__a41oi_4      231
     sky130_fd_sc_hd__and2_4      1526
     sky130_fd_sc_hd__and3_4      1377
     sky130_fd_sc_hd__and4_4      5427
     sky130_fd_sc_hd__buf_1      17364
     sky130_fd_sc_hd__buf_4       1718
     sky130_fd_sc_hd__buf_8         27
     sky130_fd_sc_hd__conb_1         5
     sky130_fd_sc_hd__dfrtp_4     2349
     sky130_fd_sc_hd__dfstp_4       45
     sky130_fd_sc_hd__dfxtp_4     6991
     sky130_fd_sc_hd__inv_8       2374
     sky130_fd_sc_hd__maj3_4       143
     sky130_fd_sc_hd__nand2_4     1533
     sky130_fd_sc_hd__nand3_4     3386
     sky130_fd_sc_hd__nand4_4     2991
     sky130_fd_sc_hd__nor2_4      3266
     sky130_fd_sc_hd__nor3_4       832
     sky130_fd_sc_hd__nor4_4       199
     sky130_fd_sc_hd__o21a_4      2988
     sky130_fd_sc_hd__o21ai_4     1727
     sky130_fd_sc_hd__o22a_4        81
     sky130_fd_sc_hd__o32a_4         1
     sky130_fd_sc_hd__o32ai_4       46
     sky130_fd_sc_hd__o41a_4        76
     sky130_fd_sc_hd__o41ai_4       25
     sky130_fd_sc_hd__or2_4        167
     sky130_fd_sc_hd__or3_4         48
     sky130_fd_sc_hd__or4_4         27
     sky130_fd_sc_hd__xnor2_4      364
     sky130_fd_sc_hd__xor2_4       502

   Area for cell type $_DLATCH_N_ is unknown!

   Chip area for module '\IBEX_SoC': 1010540.438400

