Startpoint: HRESETn (input port clocked by HCLK)
Endpoint: _64340_ (removal check against rising-edge clock HCLK)
Path Group: **async_default**
Path Type: min

  Delay    Time   Description
---------------------------------------------------------
   0.00    0.00   clock HCLK (rise edge)
   0.00    0.00   clock network delay (ideal)
   5.00    5.00 ^ input external delay
   2.72    7.72 ^ HRESETn (in)
   0.00    7.72 ^ _64340_/RESET_B (sky130_fd_sc_hd__dfrtp_4)
           7.72   data arrival time

   0.00    0.00   clock HCLK (rise edge)
   0.00    0.00   clock network delay (ideal)
   0.00    0.00   clock reconvergence pessimism
           0.00 ^ _64340_/CLK (sky130_fd_sc_hd__dfrtp_4)
   1.13    1.13   library removal time
           1.13   data required time
---------------------------------------------------------
           1.13   data required time
          -7.72   data arrival time
---------------------------------------------------------
           6.59   slack (MET)


Startpoint: _60740_ (rising edge-triggered flip-flop clocked by HCLK)
Endpoint: _60740_ (rising edge-triggered flip-flop clocked by HCLK)
Path Group: HCLK
Path Type: min

  Delay    Time   Description
---------------------------------------------------------
   0.00    0.00   clock HCLK (rise edge)
   0.00    0.00   clock network delay (ideal)
   0.00    0.00 ^ _60740_/CLK (sky130_fd_sc_hd__dfxtp_4)
   0.21    0.21 ^ _60740_/Q (sky130_fd_sc_hd__dfxtp_4)
   0.05    0.25 ^ _58598_/X (sky130_fd_sc_hd__buf_1)
   0.00    0.25 ^ _60740_/D (sky130_fd_sc_hd__dfxtp_4)
           0.25   data arrival time

   0.00    0.00   clock HCLK (rise edge)
   0.00    0.00   clock network delay (ideal)
   0.00    0.00   clock reconvergence pessimism
           0.00 ^ _60740_/CLK (sky130_fd_sc_hd__dfxtp_4)
  -0.02   -0.02   library hold time
          -0.02   data required time
---------------------------------------------------------
          -0.02   data required time
          -0.25   data arrival time
---------------------------------------------------------
           0.27   slack (MET)


Startpoint: HRESETn (input port clocked by HCLK)
Endpoint: _64016_ (recovery check against rising-edge clock HCLK')
Path Group: **async_default**
Path Type: max

  Delay    Time   Description
---------------------------------------------------------
   0.00    0.00   clock HCLK (rise edge)
   0.00    0.00   clock network delay (ideal)
   5.00    5.00 ^ input external delay
   9.80   14.80 ^ HRESETn (in)
   0.00   14.80 ^ _64016_/RESET_B (sky130_fd_sc_hd__dfrtp_4)
          14.80   data arrival time

  12.50   12.50   clock HCLK' (rise edge)
   0.00   12.50   clock network delay (ideal)
   0.00   12.50   clock reconvergence pessimism
          12.50 ^ _64016_/CLK (sky130_fd_sc_hd__dfrtp_4)
  -3.60    8.90   library recovery time
           8.90   data required time
---------------------------------------------------------
           8.90   data required time
         -14.80   data arrival time
---------------------------------------------------------
          -5.90   slack (VIOLATED)


Startpoint: _64435_ (rising edge-triggered flip-flop clocked by HCLK)
Endpoint: _62224_ (rising edge-triggered flip-flop clocked by HCLK)
Path Group: HCLK
Path Type: max

  Delay    Time   Description
---------------------------------------------------------
   0.00    0.00   clock HCLK (rise edge)
   0.00    0.00   clock network delay (ideal)
   0.00    0.00 ^ _64435_/CLK (sky130_fd_sc_hd__dfrtp_4)
   1.19    1.19 v _64435_/Q (sky130_fd_sc_hd__dfrtp_4)
   0.17    1.36 ^ _31228_/Y (sky130_fd_sc_hd__inv_8)
   0.57    1.94 ^ _31229_/X (sky130_fd_sc_hd__buf_1)
   0.80    2.74 ^ _31415_/X (sky130_fd_sc_hd__buf_1)
   0.74    3.49 ^ _31675_/X (sky130_fd_sc_hd__buf_1)
   0.81    4.30 ^ _31676_/X (sky130_fd_sc_hd__buf_1)
   0.49    4.78 ^ _31677_/X (sky130_fd_sc_hd__buf_1)
   0.68    5.46 ^ _31810_/X (sky130_fd_sc_hd__buf_1)
   0.84    6.31 ^ _31811_/X (sky130_fd_sc_hd__buf_1)
   0.75    7.06 ^ _31812_/X (sky130_fd_sc_hd__buf_1)
   0.81    7.87 ^ _31813_/X (sky130_fd_sc_hd__buf_1)
   0.75    8.62 ^ _31814_/X (sky130_fd_sc_hd__buf_1)
   0.89    9.51 ^ _31815_/X (sky130_fd_sc_hd__buf_1)
   0.33    9.85 v _32202_/Y (sky130_fd_sc_hd__nor3_4)
   0.36   10.20 ^ _32211_/Y (sky130_fd_sc_hd__nor3_4)
   0.12   10.32 v _32212_/Y (sky130_fd_sc_hd__nor3_4)
   0.66   10.98 v _32213_/X (sky130_fd_sc_hd__or3_4)
   0.38   11.36 v _32214_/X (sky130_fd_sc_hd__buf_1)
   0.20   11.57 ^ _34034_/Y (sky130_fd_sc_hd__inv_8)
   0.21   11.78 ^ _34702_/X (sky130_fd_sc_hd__or2_4)
   0.44   12.22 ^ _34703_/X (sky130_fd_sc_hd__buf_1)
   0.17   12.39 v _34704_/Y (sky130_fd_sc_hd__inv_8)
   0.43   12.82 v _34705_/X (sky130_fd_sc_hd__or2_4)
   0.40   13.22 v _34706_/X (sky130_fd_sc_hd__buf_1)
   1.22   14.44 v _36624_/X (sky130_fd_sc_hd__or4_4)
   0.45   14.89 v _37708_/X (sky130_fd_sc_hd__o21a_4)
   0.44   15.33 v _37930_/X (sky130_fd_sc_hd__or2_4)
   0.56   15.89 v _37932_/X (sky130_fd_sc_hd__a32o_4)
   0.44   16.33 v _37934_/X (sky130_fd_sc_hd__or2_4)
   0.59   16.92 v _37951_/X (sky130_fd_sc_hd__a32o_4)
   0.46   17.38 v _37952_/X (sky130_fd_sc_hd__or2_4)
   0.32   17.69 v _37953_/X (sky130_fd_sc_hd__and3_4)
   0.55   18.25 v _37954_/X (sky130_fd_sc_hd__a211o_4)
   0.50   18.75 v _42888_/X (sky130_fd_sc_hd__or2_4)
   0.85   19.60 v _42889_/X (sky130_fd_sc_hd__or4_4)
   0.46   20.05 v _42890_/X (sky130_fd_sc_hd__or2_4)
   0.42   20.47 v _42891_/X (sky130_fd_sc_hd__buf_1)
   0.23   20.70 ^ _42892_/Y (sky130_fd_sc_hd__inv_8)
   0.48   21.18 ^ _42893_/X (sky130_fd_sc_hd__buf_1)
   0.50   21.68 ^ _51118_/X (sky130_fd_sc_hd__o22a_4)
   0.32   22.01 ^ _52683_/X (sky130_fd_sc_hd__buf_1)
   0.69   22.70 ^ _54417_/X (sky130_fd_sc_hd__buf_1)
   0.93   23.62 ^ _54418_/X (sky130_fd_sc_hd__buf_1)
   0.29   23.91 v _54509_/Y (sky130_fd_sc_hd__nor3_4)
   0.77   24.68 v _54521_/X (sky130_fd_sc_hd__or3_4)
   0.39   25.07 ^ _54527_/Y (sky130_fd_sc_hd__a32oi_4)
   0.31   25.37 ^ _54528_/X (sky130_fd_sc_hd__o22a_4)
   0.00   25.37 ^ _62224_/D (sky130_fd_sc_hd__dfxtp_4)
          25.37   data arrival time

  25.00   25.00   clock HCLK (rise edge)
   0.00   25.00   clock network delay (ideal)
   0.00   25.00   clock reconvergence pessimism
          25.00 ^ _62224_/CLK (sky130_fd_sc_hd__dfxtp_4)
  -0.13   24.87   library setup time
          24.87   data required time
---------------------------------------------------------
          24.87   data required time
         -25.37   data arrival time
---------------------------------------------------------
          -0.50   slack (VIOLATED)


